Component: ARM Compiler 5.06 update 4 (build 422) Tool: armlink [4d35d2]

==============================================================================

Section Cross References

    startup_stm32f103xb.o(RESET) refers to startup_stm32f103xb.o(STACK) for __initial_sp
    startup_stm32f103xb.o(RESET) refers to startup_stm32f103xb.o(.text) for Reset_Handler
    startup_stm32f103xb.o(RESET) refers to stm32f1xx_it.o(i.NMI_Handler) for NMI_Handler
    startup_stm32f103xb.o(RESET) refers to stm32f1xx_it.o(i.HardFault_Handler) for HardFault_Handler
    startup_stm32f103xb.o(RESET) refers to stm32f1xx_it.o(i.MemManage_Handler) for MemManage_Handler
    startup_stm32f103xb.o(RESET) refers to stm32f1xx_it.o(i.BusFault_Handler) for BusFault_Handler
    startup_stm32f103xb.o(RESET) refers to stm32f1xx_it.o(i.UsageFault_Handler) for UsageFault_Handler
    startup_stm32f103xb.o(RESET) refers to stm32f1xx_it.o(i.SVC_Handler) for SVC_Handler
    startup_stm32f103xb.o(RESET) refers to stm32f1xx_it.o(i.DebugMon_Handler) for DebugMon_Handler
    startup_stm32f103xb.o(RESET) refers to stm32f1xx_it.o(i.PendSV_Handler) for PendSV_Handler
    startup_stm32f103xb.o(RESET) refers to stm32f1xx_it.o(i.SysTick_Handler) for SysTick_Handler
    startup_stm32f103xb.o(.text) refers to system_stm32f1xx.o(i.SystemInit) for SystemInit
    startup_stm32f103xb.o(.text) refers to entry.o(.ARM.Collect$$$$00000000) for __main
    gpio.o(i.MX_GPIO_Init) refers to stm32f1xx_hal_gpio.o(i.HAL_GPIO_WritePin) for HAL_GPIO_WritePin
    gpio.o(i.MX_GPIO_Init) refers to stm32f1xx_hal_gpio.o(i.HAL_GPIO_Init) for HAL_GPIO_Init
    stm32f1xx_it.o(i.SysTick_Handler) refers to stm32f1xx_hal.o(i.HAL_IncTick) for HAL_IncTick
    stm32f1xx_it.o(i.SysTick_Handler) refers to stm32f1xx_hal_cortex.o(i.HAL_SYSTICK_IRQHandler) for HAL_SYSTICK_IRQHandler
    main.o(i.SystemClock_Config) refers to stm32f1xx_hal_rcc.o(i.HAL_RCC_OscConfig) for HAL_RCC_OscConfig
    main.o(i.SystemClock_Config) refers to main.o(i._Error_Handler) for _Error_Handler
    main.o(i.SystemClock_Config) refers to stm32f1xx_hal_rcc.o(i.HAL_RCC_ClockConfig) for HAL_RCC_ClockConfig
    main.o(i.SystemClock_Config) refers to stm32f1xx_hal_rcc.o(i.HAL_RCC_GetHCLKFreq) for HAL_RCC_GetHCLKFreq
    main.o(i.SystemClock_Config) refers to stm32f1xx_hal_cortex.o(i.HAL_SYSTICK_Config) for HAL_SYSTICK_Config
    main.o(i.SystemClock_Config) refers to stm32f1xx_hal_cortex.o(i.HAL_SYSTICK_CLKSourceConfig) for HAL_SYSTICK_CLKSourceConfig
    main.o(i.SystemClock_Config) refers to stm32f1xx_hal_cortex.o(i.HAL_NVIC_SetPriority) for HAL_NVIC_SetPriority
    main.o(i.main) refers to stm32f1xx_hal.o(i.HAL_Init) for HAL_Init
    main.o(i.main) refers to main.o(i.SystemClock_Config) for SystemClock_Config
    main.o(i.main) refers to gpio.o(i.MX_GPIO_Init) for MX_GPIO_Init
    main.o(i.main) refers to i2c.o(i.MX_I2C1_Init) for MX_I2C1_Init
    main.o(i.main) refers to tsc3472.o(i.tcs3472_test) for tcs3472_test
    i2c.o(i.HAL_I2C_MspDeInit) refers to stm32f1xx_hal_gpio.o(i.HAL_GPIO_DeInit) for HAL_GPIO_DeInit
    i2c.o(i.HAL_I2C_MspInit) refers to stm32f1xx_hal_gpio.o(i.HAL_GPIO_Init) for HAL_GPIO_Init
    i2c.o(i.MX_I2C1_Init) refers to stm32f1xx_hal_i2c.o(i.HAL_I2C_Init) for HAL_I2C_Init
    i2c.o(i.MX_I2C1_Init) refers to main.o(i._Error_Handler) for _Error_Handler
    i2c.o(i.MX_I2C1_Init) refers to i2c.o(.bss) for hi2c1
    stm32f1xx_hal_msp.o(i.HAL_MspInit) refers to stm32f1xx_hal_cortex.o(i.HAL_NVIC_SetPriorityGrouping) for HAL_NVIC_SetPriorityGrouping
    stm32f1xx_hal_msp.o(i.HAL_MspInit) refers to stm32f1xx_hal_cortex.o(i.HAL_NVIC_SetPriority) for HAL_NVIC_SetPriority
    tsc3472.o(i.begin) refers to tsc3472.o(i.read8) for read8
    tsc3472.o(i.begin) refers to tsc3472.o(i.setIntegrationTime) for setIntegrationTime
    tsc3472.o(i.begin) refers to tsc3472.o(i.setGain) for setGain
    tsc3472.o(i.begin) refers to tsc3472.o(i.enable) for enable
    tsc3472.o(i.begin) refers to tsc3472.o(.data) for _tcs34725Initialised
    tsc3472.o(i.calculateColorTemperature) refers to ffltui.o(.text) for __aeabi_ui2f
    tsc3472.o(i.calculateColorTemperature) refers to fmul.o(.text) for __aeabi_fmul
    tsc3472.o(i.calculateColorTemperature) refers to fadd.o(.text) for __aeabi_fadd
    tsc3472.o(i.calculateColorTemperature) refers to fdiv.o(.text) for __aeabi_fdiv
    tsc3472.o(i.calculateColorTemperature) refers to powf.o(i.powf) for powf
    tsc3472.o(i.calculateColorTemperature) refers to ffixui.o(.text) for __aeabi_f2uiz
    tsc3472.o(i.calculateLux) refers to ffltui.o(.text) for __aeabi_ui2f
    tsc3472.o(i.calculateLux) refers to fmul.o(.text) for __aeabi_fmul
    tsc3472.o(i.calculateLux) refers to fadd.o(.text) for __aeabi_fadd
    tsc3472.o(i.calculateLux) refers to ffixui.o(.text) for __aeabi_f2uiz
    tsc3472.o(i.clearInterrupt) refers to stm32f1xx_hal_i2c.o(i.HAL_I2C_Master_Transmit) for HAL_I2C_Master_Transmit
    tsc3472.o(i.clearInterrupt) refers to tsc3472.o(.data) for timeOut
[...]
    stm32f1xx_hal_i2c.o(i.HAL_I2C_Master_Transmit_DMA) refers to system_stm32f1xx.o(.data) for SystemCoreClock
    stm32f1xx_hal_i2c.o(i.HAL_I2C_Master_Transmit_DMA) refers to stm32f1xx_hal_i2c.o(i.I2C_DMAXferCplt) for I2C_DMAXferCplt
    stm32f1xx_hal_i2c.o(i.HAL_I2C_Master_Transmit_DMA) refers to stm32f1xx_hal_i2c.o(i.I2C_DMAError) for I2C_DMAError
    stm32f1xx_hal_i2c.o(i.HAL_I2C_Master_Transmit_IT) refers to system_stm32f1xx.o(.data) for SystemCoreClock
    stm32f1xx_hal_i2c.o(i.HAL_I2C_Mem_Read) refers to stm32f1xx_hal.o(i.HAL_GetTick) for HAL_GetTick
    stm32f1xx_hal_i2c.o(i.HAL_I2C_Mem_Read) refers to stm32f1xx_hal_i2c.o(i.I2C_WaitOnFlagUntilTimeout) for I2C_WaitOnFlagUntilTimeout
    stm32f1xx_hal_i2c.o(i.HAL_I2C_Mem_Read) refers to stm32f1xx_hal_i2c.o(i.I2C_RequestMemoryRead) for I2C_RequestMemoryRead
    stm32f1xx_hal_i2c.o(i.HAL_I2C_Mem_Read) refers to stm32f1xx_hal_i2c.o(i.I2C_WaitOnRXNEFlagUntilTimeout) for I2C_WaitOnRXNEFlagUntilTimeout
    stm32f1xx_hal_i2c.o(i.HAL_I2C_Mem_Read_DMA) refers to stm32f1xx_hal.o(i.HAL_GetTick) for HAL_GetTick
    stm32f1xx_hal_i2c.o(i.HAL_I2C_Mem_Read_DMA) refers to stm32f1xx_hal_dma.o(i.HAL_DMA_Start_IT) for HAL_DMA_Start_IT
    stm32f1xx_hal_i2c.o(i.HAL_I2C_Mem_Read_DMA) refers to stm32f1xx_hal_i2c.o(i.I2C_RequestMemoryRead) for I2C_RequestMemoryRead
    stm32f1xx_hal_i2c.o(i.HAL_I2C_Mem_Read_DMA) refers to system_stm32f1xx.o(.data) for SystemCoreClock
    stm32f1xx_hal_i2c.o(i.HAL_I2C_Mem_Read_DMA) refers to stm32f1xx_hal_i2c.o(i.I2C_DMAXferCplt) for I2C_DMAXferCplt
    stm32f1xx_hal_i2c.o(i.HAL_I2C_Mem_Read_DMA) refers to stm32f1xx_hal_i2c.o(i.I2C_DMAError) for I2C_DMAError
    stm32f1xx_hal_i2c.o(i.HAL_I2C_Mem_Read_IT) refers to system_stm32f1xx.o(.data) for SystemCoreClock
    stm32f1xx_hal_i2c.o(i.HAL_I2C_Mem_Write) refers to stm32f1xx_hal.o(i.HAL_GetTick) for HAL_GetTick
    stm32f1xx_hal_i2c.o(i.HAL_I2C_Mem_Write) refers to stm32f1xx_hal_i2c.o(i.I2C_WaitOnFlagUntilTimeout) for I2C_WaitOnFlagUntilTimeout
    stm32f1xx_hal_i2c.o(i.HAL_I2C_Mem_Write) refers to stm32f1xx_hal_i2c.o(i.I2C_RequestMemoryWrite) for I2C_RequestMemoryWrite
    stm32f1xx_hal_i2c.o(i.HAL_I2C_Mem_Write) refers to stm32f1xx_hal_i2c.o(i.I2C_WaitOnTXEFlagUntilTimeout) for I2C_WaitOnTXEFlagUntilTimeout
    stm32f1xx_hal_i2c.o(i.HAL_I2C_Mem_Write) refers to stm32f1xx_hal_i2c.o(i.I2C_WaitOnBTFFlagUntilTimeout) for I2C_WaitOnBTFFlagUntilTimeout
    stm32f1xx_hal_i2c.o(i.HAL_I2C_Mem_Write_DMA) refers to stm32f1xx_hal.o(i.HAL_GetTick) for HAL_GetTick
    stm32f1xx_hal_i2c.o(i.HAL_I2C_Mem_Write_DMA) refers to stm32f1xx_hal_dma.o(i.HAL_DMA_Start_IT) for HAL_DMA_Start_IT
    stm32f1xx_hal_i2c.o(i.HAL_I2C_Mem_Write_DMA) refers to stm32f1xx_hal_i2c.o(i.I2C_RequestMemoryWrite) for I2C_RequestMemoryWrite
    stm32f1xx_hal_i2c.o(i.HAL_I2C_Mem_Write_DMA) refers to system_stm32f1xx.o(.data) for SystemCoreClock
    stm32f1xx_hal_i2c.o(i.HAL_I2C_Mem_Write_DMA) refers to stm32f1xx_hal_i2c.o(i.I2C_DMAXferCplt) for I2C_DMAXferCplt
    stm32f1xx_hal_i2c.o(i.HAL_I2C_Mem_Write_DMA) refers to stm32f1xx_hal_i2c.o(i.I2C_DMAError) for I2C_DMAError
    stm32f1xx_hal_i2c.o(i.HAL_I2C_Mem_Write_IT) refers to system_stm32f1xx.o(.data) for SystemCoreClock
    stm32f1xx_hal_i2c.o(i.HAL_I2C_Slave_Receive) refers to stm32f1xx_hal.o(i.HAL_GetTick) for HAL_GetTick
    stm32f1xx_hal_i2c.o(i.HAL_I2C_Slave_Receive) refers to stm32f1xx_hal_i2c.o(i.I2C_WaitOnFlagUntilTimeout) for I2C_WaitOnFlagUntilTimeout
    stm32f1xx_hal_i2c.o(i.HAL_I2C_Slave_Receive) refers to stm32f1xx_hal_i2c.o(i.I2C_WaitOnRXNEFlagUntilTimeout) for I2C_WaitOnRXNEFlagUntilTimeout
    stm32f1xx_hal_i2c.o(i.HAL_I2C_Slave_Receive) refers to stm32f1xx_hal_i2c.o(i.I2C_WaitOnSTOPFlagUntilTimeout) for I2C_WaitOnSTOPFlagUntilTimeout
    stm32f1xx_hal_i2c.o(i.HAL_I2C_Slave_Receive_DMA) refers to stm32f1xx_hal_dma.o(i.HAL_DMA_Start_IT) for HAL_DMA_Start_IT
    stm32f1xx_hal_i2c.o(i.HAL_I2C_Slave_Receive_DMA) refers to system_stm32f1xx.o(.data) for SystemCoreClock
    stm32f1xx_hal_i2c.o(i.HAL_I2C_Slave_Receive_DMA) refers to stm32f1xx_hal_i2c.o(i.I2C_DMAXferCplt) for I2C_DMAXferCplt
    stm32f1xx_hal_i2c.o(i.HAL_I2C_Slave_Receive_DMA) refers to stm32f1xx_hal_i2c.o(i.I2C_DMAError) for I2C_DMAError
    stm32f1xx_hal_i2c.o(i.HAL_I2C_Slave_Receive_IT) refers to system_stm32f1xx.o(.data) for SystemCoreClock
    stm32f1xx_hal_i2c.o(i.HAL_I2C_Slave_Transmit) refers to stm32f1xx_hal.o(i.HAL_GetTick) for HAL_GetTick
    stm32f1xx_hal_i2c.o(i.HAL_I2C_Slave_Transmit) refers to stm32f1xx_hal_i2c.o(i.I2C_WaitOnFlagUntilTimeout) for I2C_WaitOnFlagUntilTimeout
    stm32f1xx_hal_i2c.o(i.HAL_I2C_Slave_Transmit) refers to stm32f1xx_hal_i2c.o(i.I2C_WaitOnTXEFlagUntilTimeout) for I2C_WaitOnTXEFlagUntilTimeout
    stm32f1xx_hal_i2c.o(i.HAL_I2C_Slave_Transmit_DMA) refers to stm32f1xx_hal_dma.o(i.HAL_DMA_Start_IT) for HAL_DMA_Start_IT
    stm32f1xx_hal_i2c.o(i.HAL_I2C_Slave_Transmit_DMA) refers to system_stm32f1xx.o(.data) for SystemCoreClock
    stm32f1xx_hal_i2c.o(i.HAL_I2C_Slave_Transmit_DMA) refers to stm32f1xx_hal_i2c.o(i.I2C_DMAXferCplt) for I2C_DMAXferCplt
    stm32f1xx_hal_i2c.o(i.HAL_I2C_Slave_Transmit_DMA) refers to stm32f1xx_hal_i2c.o(i.I2C_DMAError) for I2C_DMAError
    stm32f1xx_hal_i2c.o(i.HAL_I2C_Slave_Transmit_IT) refers to system_stm32f1xx.o(.data) for SystemCoreClock
    stm32f1xx_hal_i2c.o(i.I2C_DMAAbort) refers to stm32f1xx_hal_i2c.o(i.HAL_I2C_AbortCpltCallback) for HAL_I2C_AbortCpltCallback
    stm32f1xx_hal_i2c.o(i.I2C_DMAAbort) refers to stm32f1xx_hal_i2c.o(i.HAL_I2C_ErrorCallback) for HAL_I2C_ErrorCallback
    stm32f1xx_hal_i2c.o(i.I2C_DMAError) refers to stm32f1xx_hal_i2c.o(i.HAL_I2C_ErrorCallback) for HAL_I2C_ErrorCallback
    stm32f1xx_hal_i2c.o(i.I2C_DMAXferCplt) refers to stm32f1xx_hal_i2c.o(i.HAL_I2C_ErrorCallback) for HAL_I2C_ErrorCallback
    stm32f1xx_hal_i2c.o(i.I2C_DMAXferCplt) refers to stm32f1xx_hal_i2c.o(i.HAL_I2C_MemRxCpltCallback) for HAL_I2C_MemRxCpltCallback
    stm32f1xx_hal_i2c.o(i.I2C_DMAXferCplt) refers to stm32f1xx_hal_i2c.o(i.HAL_I2C_MasterRxCpltCallback) for HAL_I2C_MasterRxCpltCallback
    stm32f1xx_hal_i2c.o(i.I2C_ITError) refers to stm32f1xx_hal_dma.o(i.HAL_DMA_Abort_IT) for HAL_DMA_Abort_IT
    stm32f1xx_hal_i2c.o(i.I2C_ITError) refers to stm32f1xx_hal_i2c.o(i.HAL_I2C_AbortCpltCallback) for HAL_I2C_AbortCpltCallback
    stm32f1xx_hal_i2c.o(i.I2C_ITError) refers to stm32f1xx_hal_i2c.o(i.HAL_I2C_ErrorCallback) for HAL_I2C_ErrorCallback
    stm32f1xx_hal_i2c.o(i.I2C_ITError) refers to stm32f1xx_hal_i2c.o(i.HAL_I2C_ListenCpltCallback) for HAL_I2C_ListenCpltCallback
    stm32f1xx_hal_i2c.o(i.I2C_ITError) refers to stm32f1xx_hal_i2c.o(i.I2C_DMAAbort) for I2C_DMAAbort
    stm32f1xx_hal_i2c.o(i.I2C_MasterReceive_BTF) refers to stm32f1xx_hal_i2c.o(i.HAL_I2C_MemRxCpltCallback) for HAL_I2C_MemRxCpltCallback
    stm32f1xx_hal_i2c.o(i.I2C_MasterReceive_BTF) refers to stm32f1xx_hal_i2c.o(i.HAL_I2C_MasterRxCpltCallback) for HAL_I2C_MasterRxCpltCallback
    stm32f1xx_hal_i2c.o(i.I2C_MasterReceive_RXNE) refers to stm32f1xx_hal_i2c.o(i.HAL_I2C_MemRxCpltCallback) for HAL_I2C_MemRxCpltCallback
    stm32f1xx_hal_i2c.o(i.I2C_MasterReceive_RXNE) refers to stm32f1xx_hal_i2c.o(i.HAL_I2C_MasterRxCpltCallback) for HAL_I2C_MasterRxCpltCallback
    stm32f1xx_hal_i2c.o(i.I2C_MasterRequestRead) refers to stm32f1xx_hal_i2c.o(i.I2C_WaitOnFlagUntilTimeout) for I2C_WaitOnFlagUntilTimeout
    stm32f1xx_hal_i2c.o(i.I2C_MasterRequestRead) refers to stm32f1xx_hal_i2c.o(i.I2C_WaitOnMasterAddressFlagUntilTimeout) for I2C_WaitOnMasterAddressFlagUntilTimeout
    stm32f1xx_hal_i2c.o(i.I2C_MasterRequestWrite) refers to stm32f1xx_hal_i2c.o(i.I2C_WaitOnFlagUntilTimeout) for I2C_WaitOnFlagUntilTimeout
    stm32f1xx_hal_i2c.o(i.I2C_MasterRequestWrite) refers to stm32f1xx_hal_i2c.o(i.I2C_WaitOnMasterAddressFlagUntilTimeout) for I2C_WaitOnMasterAddressFlagUntilTimeout
    stm32f1xx_hal_i2c.o(i.I2C_MasterTransmit_BTF) refers to stm32f1xx_hal_i2c.o(i.HAL_I2C_MasterTxCpltCallback) for HAL_I2C_MasterTxCpltCallback
    stm32f1xx_hal_i2c.o(i.I2C_MasterTransmit_BTF) refers to stm32f1xx_hal_i2c.o(i.HAL_I2C_MemTxCpltCallback) for HAL_I2C_MemTxCpltCallback
    stm32f1xx_hal_i2c.o(i.I2C_MasterTransmit_TXE) refers to stm32f1xx_hal_i2c.o(i.HAL_I2C_MasterTxCpltCallback) for HAL_I2C_MasterTxCpltCallback
    stm32f1xx_hal_i2c.o(i.I2C_MasterTransmit_TXE) refers to stm32f1xx_hal_i2c.o(i.HAL_I2C_MemTxCpltCallback) for HAL_I2C_MemTxCpltCallback
    stm32f1xx_hal_i2c.o(i.I2C_RequestMemoryRead) refers to stm32f1xx_hal_i2c.o(i.I2C_WaitOnFlagUntilTimeout) for I2C_WaitOnFlagUntilTimeout
    stm32f1xx_hal_i2c.o(i.I2C_RequestMemoryRead) refers to stm32f1xx_hal_i2c.o(i.I2C_WaitOnMasterAddressFlagUntilTimeout) for I2C_WaitOnMasterAddressFlagUntilTimeout
    stm32f1xx_hal_i2c.o(i.I2C_RequestMemoryRead) refers to stm32f1xx_hal_i2c.o(i.I2C_WaitOnTXEFlagUntilTimeout) for I2C_WaitOnTXEFlagUntilTimeout
    stm32f1xx_hal_i2c.o(i.I2C_RequestMemoryWrite) refers to stm32f1xx_hal_i2c.o(i.I2C_WaitOnFlagUntilTimeout) for I2C_WaitOnFlagUntilTimeout
    stm32f1xx_hal_i2c.o(i.I2C_RequestMemoryWrite) refers to stm32f1xx_hal_i2c.o(i.I2C_WaitOnMasterAddressFlagUntilTimeout) for I2C_WaitOnMasterAddressFlagUntilTimeout
    stm32f1xx_hal_i2c.o(i.I2C_RequestMemoryWrite) refers to stm32f1xx_hal_i2c.o(i.I2C_WaitOnTXEFlagUntilTimeout) for I2C_WaitOnTXEFlagUntilTimeout
    stm32f1xx_hal_i2c.o(i.I2C_SlaveReceive_RXNE) refers to stm32f1xx_hal_i2c.o(i.HAL_I2C_SlaveRxCpltCallback) for HAL_I2C_SlaveRxCpltCallback
    stm32f1xx_hal_i2c.o(i.I2C_SlaveTransmit_TXE) refers to stm32f1xx_hal_i2c.o(i.HAL_I2C_SlaveTxCpltCallback) for HAL_I2C_SlaveTxCpltCallback
    stm32f1xx_hal_i2c.o(i.I2C_Slave_ADDR) refers to stm32f1xx_hal_i2c.o(i.HAL_I2C_AddrCallback) for HAL_I2C_AddrCallback
    stm32f1xx_hal_i2c.o(i.I2C_Slave_AF) refers to stm32f1xx_hal_i2c.o(i.HAL_I2C_ListenCpltCallback) for HAL_I2C_ListenCpltCallback
    stm32f1xx_hal_i2c.o(i.I2C_Slave_AF) refers to stm32f1xx_hal_i2c.o(i.HAL_I2C_SlaveTxCpltCallback) for HAL_I2C_SlaveTxCpltCallback
    stm32f1xx_hal_i2c.o(i.I2C_Slave_STOPF) refers to stm32f1xx_hal_i2c.o(i.I2C_ITError) for I2C_ITError
    stm32f1xx_hal_i2c.o(i.I2C_Slave_STOPF) refers to stm32f1xx_hal_i2c.o(i.HAL_I2C_ListenCpltCallback) for HAL_I2C_ListenCpltCallback
    stm32f1xx_hal_i2c.o(i.I2C_Slave_STOPF) refers to stm32f1xx_hal_i2c.o(i.HAL_I2C_SlaveRxCpltCallback) for HAL_I2C_SlaveRxCpltCallback
    stm32f1xx_hal_i2c.o(i.I2C_WaitOnBTFFlagUntilTimeout) refers to stm32f1xx_hal_i2c.o(i.I2C_IsAcknowledgeFailed) for I2C_IsAcknowledgeFailed
    stm32f1xx_hal_i2c.o(i.I2C_WaitOnBTFFlagUntilTimeout) refers to stm32f1xx_hal.o(i.HAL_GetTick) for HAL_GetTick
    stm32f1xx_hal_i2c.o(i.I2C_WaitOnFlagUntilTimeout) refers to stm32f1xx_hal.o(i.HAL_GetTick) for HAL_GetTick
    stm32f1xx_hal_i2c.o(i.I2C_WaitOnMasterAddressFlagUntilTimeout) refers to stm32f1xx_hal.o(i.HAL_GetTick) for HAL_GetTick
    stm32f1xx_hal_i2c.o(i.I2C_WaitOnRXNEFlagUntilTimeout) refers to stm32f1xx_hal.o(i.HAL_GetTick) for HAL_GetTick
    stm32f1xx_hal_i2c.o(i.I2C_WaitOnSTOPFlagUntilTimeout) refers to stm32f1xx_hal_i2c.o(i.I2C_IsAcknowledgeFailed) for I2C_IsAcknowledgeFailed
    stm32f1xx_hal_i2c.o(i.I2C_WaitOnSTOPFlagUntilTimeout) refers to stm32f1xx_hal.o(i.HAL_GetTick) for HAL_GetTick
    stm32f1xx_hal_i2c.o(i.I2C_WaitOnTXEFlagUntilTimeout) refers to stm32f1xx_hal_i2c.o(i.I2C_IsAcknowledgeFailed) for I2C_IsAcknowledgeFailed
    stm32f1xx_hal_i2c.o(i.I2C_WaitOnTXEFlagUntilTimeout) refers to stm32f1xx_hal.o(i.HAL_GetTick) for HAL_GetTick
    stm32f1xx_hal_flash.o(i.FLASH_Program_HalfWord) refers to stm32f1xx_hal_flash.o(.bss) for pFlash
    stm32f1xx_hal_flash.o(i.FLASH_SetErrorCode) refers to stm32f1xx_hal_flash.o(.bss) for pFlash
    stm32f1xx_hal_flash.o(i.FLASH_WaitForLastOperation) refers to stm32f1xx_hal.o(i.HAL_GetTick) for HAL_GetTick
    stm32f1xx_hal_flash.o(i.FLASH_WaitForLastOperation) refers to stm32f1xx_hal_flash.o(i.FLASH_SetErrorCode) for FLASH_SetErrorCode
    stm32f1xx_hal_flash.o(i.HAL_FLASH_GetError) refers to stm32f1xx_hal_flash.o(.bss) for pFlash
    stm32f1xx_hal_flash.o(i.HAL_FLASH_IRQHandler) refers to stm32f1xx_hal_flash.o(i.FLASH_SetErrorCode) for FLASH_SetErrorCode
    stm32f1xx_hal_flash.o(i.HAL_FLASH_IRQHandler) refers to stm32f1xx_hal_flash.o(i.HAL_FLASH_OperationErrorCallback) for HAL_FLASH_OperationErrorCallback
    stm32f1xx_hal_flash.o(i.HAL_FLASH_IRQHandler) refers to stm32f1xx_hal_flash.o(i.HAL_FLASH_EndOfOperationCallback) for HAL_FLASH_EndOfOperationCallback
    stm32f1xx_hal_flash.o(i.HAL_FLASH_IRQHandler) refers to stm32f1xx_hal_flash_ex.o(i.FLASH_PageErase) for FLASH_PageErase
    stm32f1xx_hal_flash.o(i.HAL_FLASH_IRQHandler) refers to stm32f1xx_hal_flash.o(i.FLASH_Program_HalfWord) for FLASH_Program_HalfWord
    stm32f1xx_hal_flash.o(i.HAL_FLASH_IRQHandler) refers to stm32f1xx_hal_flash.o(.bss) for pFlash
    stm32f1xx_hal_flash.o(i.HAL_FLASH_OB_Launch) refers to stm32f1xx_hal_cortex.o(i.HAL_NVIC_SystemReset) for HAL_NVIC_SystemReset
    stm32f1xx_hal_flash.o(i.HAL_FLASH_Program) refers to stm32f1xx_hal_flash.o(i.FLASH_WaitForLastOperation) for FLASH_WaitForLastOperation
    stm32f1xx_hal_flash.o(i.HAL_FLASH_Program) refers to llushr.o(.text) for __aeabi_llsr
    stm32f1xx_hal_flash.o(i.HAL_FLASH_Program) refers to stm32f1xx_hal_flash.o(i.FLASH_Program_HalfWord) for FLASH_Program_HalfWord
    stm32f1xx_hal_flash.o(i.HAL_FLASH_Program) refers to stm32f1xx_hal_flash.o(.bss) for pFlash
    stm32f1xx_hal_flash.o(i.HAL_FLASH_Program_IT) refers to stm32f1xx_hal_flash.o(i.FLASH_Program_HalfWord) for FLASH_Program_HalfWord
    stm32f1xx_hal_flash.o(i.HAL_FLASH_Program_IT) refers to stm32f1xx_hal_flash.o(.bss) for pFlash
    stm32f1xx_hal_flash_ex.o(i.FLASH_MassErase) refers to stm32f1xx_hal_flash.o(.bss) for pFlash
    stm32f1xx_hal_flash_ex.o(i.FLASH_OB_DisableWRP) refers to stm32f1xx_hal_flash_ex.o(i.FLASH_OB_GetWRP) for FLASH_OB_GetWRP
    stm32f1xx_hal_flash_ex.o(i.FLASH_OB_DisableWRP) refers to stm32f1xx_hal_flash.o(i.FLASH_WaitForLastOperation) for FLASH_WaitForLastOperation
    stm32f1xx_hal_flash_ex.o(i.FLASH_OB_DisableWRP) refers to stm32f1xx_hal_flash_ex.o(i.HAL_FLASHEx_OBErase) for HAL_FLASHEx_OBErase
    stm32f1xx_hal_flash_ex.o(i.FLASH_OB_DisableWRP) refers to stm32f1xx_hal_flash.o(.bss) for pFlash
    stm32f1xx_hal_flash_ex.o(i.FLASH_OB_EnableWRP) refers to stm32f1xx_hal_flash_ex.o(i.FLASH_OB_GetWRP) for FLASH_OB_GetWRP
    stm32f1xx_hal_flash_ex.o(i.FLASH_OB_EnableWRP) refers to stm32f1xx_hal_flash.o(i.FLASH_WaitForLastOperation) for FLASH_WaitForLastOperation
    stm32f1xx_hal_flash_ex.o(i.FLASH_OB_EnableWRP) refers to stm32f1xx_hal_flash_ex.o(i.HAL_FLASHEx_OBErase) for HAL_FLASHEx_OBErase
    stm32f1xx_hal_flash_ex.o(i.FLASH_OB_EnableWRP) refers to stm32f1xx_hal_flash.o(.bss) for pFlash
    stm32f1xx_hal_flash_ex.o(i.FLASH_OB_ProgramData) refers to stm32f1xx_hal_flash.o(i.FLASH_WaitForLastOperation) for FLASH_WaitForLastOperation
    stm32f1xx_hal_flash_ex.o(i.FLASH_OB_ProgramData) refers to stm32f1xx_hal_flash.o(.bss) for pFlash
    stm32f1xx_hal_flash_ex.o(i.FLASH_OB_RDP_LevelConfig) refers to stm32f1xx_hal_flash.o(i.FLASH_WaitForLastOperation) for FLASH_WaitForLastOperation
    stm32f1xx_hal_flash_ex.o(i.FLASH_OB_RDP_LevelConfig) refers to stm32f1xx_hal_flash.o(.bss) for pFlash
    stm32f1xx_hal_flash_ex.o(i.FLASH_OB_UserConfig) refers to stm32f1xx_hal_flash.o(i.FLASH_WaitForLastOperation) for FLASH_WaitForLastOperation
    stm32f1xx_hal_flash_ex.o(i.FLASH_OB_UserConfig) refers to stm32f1xx_hal_flash.o(.bss) for pFlash
    stm32f1xx_hal_flash_ex.o(i.FLASH_PageErase) refers to stm32f1xx_hal_flash.o(.bss) for pFlash
    stm32f1xx_hal_flash_ex.o(i.HAL_FLASHEx_Erase) refers to stm32f1xx_hal_flash.o(i.FLASH_WaitForLastOperation) for FLASH_WaitForLastOperation
    stm32f1xx_hal_flash_ex.o(i.HAL_FLASHEx_Erase) refers to stm32f1xx_hal_flash_ex.o(i.FLASH_MassErase) for FLASH_MassErase
    stm32f1xx_hal_flash_ex.o(i.HAL_FLASHEx_Erase) refers to stm32f1xx_hal_flash_ex.o(i.FLASH_PageErase) for FLASH_PageErase
    stm32f1xx_hal_flash_ex.o(i.HAL_FLASHEx_Erase) refers to stm32f1xx_hal_flash.o(.bss) for pFlash
    stm32f1xx_hal_flash_ex.o(i.HAL_FLASHEx_Erase_IT) refers to stm32f1xx_hal_flash_ex.o(i.FLASH_MassErase) for FLASH_MassErase
    stm32f1xx_hal_flash_ex.o(i.HAL_FLASHEx_Erase_IT) refers to stm32f1xx_hal_flash_ex.o(i.FLASH_PageErase) for FLASH_PageErase
    stm32f1xx_hal_flash_ex.o(i.HAL_FLASHEx_Erase_IT) refers to stm32f1xx_hal_flash.o(.bss) for pFlash
    stm32f1xx_hal_flash_ex.o(i.HAL_FLASHEx_OBErase) refers to stm32f1xx_hal_flash_ex.o(i.FLASH_OB_GetRDP) for FLASH_OB_GetRDP
    stm32f1xx_hal_flash_ex.o(i.HAL_FLASHEx_OBErase) refers to stm32f1xx_hal_flash.o(i.FLASH_WaitForLastOperation) for FLASH_WaitForLastOperation
    stm32f1xx_hal_flash_ex.o(i.HAL_FLASHEx_OBErase) refers to stm32f1xx_hal_flash_ex.o(i.FLASH_OB_RDP_LevelConfig) for FLASH_OB_RDP_LevelConfig
    stm32f1xx_hal_flash_ex.o(i.HAL_FLASHEx_OBErase) refers to stm32f1xx_hal_flash.o(.bss) for pFlash
    stm32f1xx_hal_flash_ex.o(i.HAL_FLASHEx_OBGetConfig) refers to stm32f1xx_hal_flash_ex.o(i.FLASH_OB_GetWRP) for FLASH_OB_GetWRP
    stm32f1xx_hal_flash_ex.o(i.HAL_FLASHEx_OBGetConfig) refers to stm32f1xx_hal_flash_ex.o(i.FLASH_OB_GetRDP) for FLASH_OB_GetRDP
    stm32f1xx_hal_flash_ex.o(i.HAL_FLASHEx_OBGetConfig) refers to stm32f1xx_hal_flash_ex.o(i.FLASH_OB_GetUser) for FLASH_OB_GetUser
    stm32f1xx_hal_flash_ex.o(i.HAL_FLASHEx_OBProgram) refers to stm32f1xx_hal_flash_ex.o(i.FLASH_OB_EnableWRP) for FLASH_OB_EnableWRP
    stm32f1xx_hal_flash_ex.o(i.HAL_FLASHEx_OBProgram) refers to stm32f1xx_hal_flash_ex.o(i.FLASH_OB_DisableWRP) for FLASH_OB_DisableWRP
    stm32f1xx_hal_flash_ex.o(i.HAL_FLASHEx_OBProgram) refers to stm32f1xx_hal_flash_ex.o(i.FLASH_OB_RDP_LevelConfig) for FLASH_OB_RDP_LevelConfig
    stm32f1xx_hal_flash_ex.o(i.HAL_FLASHEx_OBProgram) refers to stm32f1xx_hal_flash_ex.o(i.FLASH_OB_UserConfig) for FLASH_OB_UserConfig
    stm32f1xx_hal_flash_ex.o(i.HAL_FLASHEx_OBProgram) refers to stm32f1xx_hal_flash_ex.o(i.FLASH_OB_ProgramData) for FLASH_OB_ProgramData
    stm32f1xx_hal_flash_ex.o(i.HAL_FLASHEx_OBProgram) refers to stm32f1xx_hal_flash.o(.bss) for pFlash
    system_stm32f1xx.o(i.SystemCoreClockUpdate) refers to system_stm32f1xx.o(.data) for SystemCoreClock
    system_stm32f1xx.o(i.SystemCoreClockUpdate) refers to system_stm32f1xx.o(.constdata) for AHBPrescTable
    powf.o(i.__softfp_powf) refers (Special) to iusefp.o(.text) for __I$use$fp
    powf.o(i.__softfp_powf) refers to powf.o(i.powf) for powf
    powf.o(i.powf) refers (Special) to iusefp.o(.text) for __I$use$fp
    powf.o(i.powf) refers to fflti.o(.text) for __aeabi_i2f
    powf.o(i.powf) refers to fscalb.o(.text) for __ARM_scalbnf
    powf.o(i.powf) refers to fadd.o(.text) for __aeabi_fadd
    powf.o(i.powf) refers to fdiv.o(.text) for __aeabi_fdiv
    powf.o(i.powf) refers to fmul.o(.text) for __aeabi_fmul
    powf.o(i.powf) refers to fpstat.o(.text) for __ieee_status
    powf.o(i.powf) refers to ffixir.o(.text) for _ffix_r
    powf.o(i.powf) refers to fpclassifyf.o(i.__ARM_fpclassifyf) for __ARM_fpclassifyf
    powf.o(i.powf) refers to funder.o(i.__mathlib_flt_underflow) for __mathlib_flt_underflow
    powf.o(i.powf) refers to errno.o(i.__set_errno) for __set_errno
    powf.o(i.powf) refers to funder.o(i.__mathlib_flt_overflow) for __mathlib_flt_overflow
    powf.o(i.powf) refers to funder.o(i.__mathlib_flt_invalid) for __mathlib_flt_invalid
    powf.o(i.powf) refers to powf.o(.constdata) for .constdata
    powf.o(i.powf) refers to funder.o(i.__mathlib_flt_infnan2) for __mathlib_flt_infnan2
    powf.o(i.powf) refers to funder.o(i.__mathlib_flt_divzero) for __mathlib_flt_divzero
    powf.o(.constdata) refers (Special) to iusefp.o(.text) for __I$use$fp
    powf_x.o(i.____softfp_powf$lsc) refers (Special) to iusefp.o(.text) for __I$use$fp
    powf_x.o(i.____softfp_powf$lsc) refers to powf_x.o(i.__powf$lsc) for __powf$lsc
    powf_x.o(i.__powf$lsc) refers (Special) to iusefp.o(.text) for __I$use$fp
    powf_x.o(i.__powf$lsc) refers to fflti.o(.text) for __aeabi_i2f
    powf_x.o(i.__powf$lsc) refers to fscalb.o(.text) for __ARM_scalbnf
    powf_x.o(i.__powf$lsc) refers to fadd.o(.text) for __aeabi_fadd
    powf_x.o(i.__powf$lsc) refers to fdiv.o(.text) for __aeabi_fdiv
    powf_x.o(i.__powf$lsc) refers to fmul.o(.text) for __aeabi_fmul
    powf_x.o(i.__powf$lsc) refers to fpstat.o(.text) for __ieee_status
    powf_x.o(i.__powf$lsc) refers to ffixir.o(.text) for _ffix_r
    powf_x.o(i.__powf$lsc) refers to errno.o(i.__set_errno) for __set_errno
    powf_x.o(i.__powf$lsc) refers to powf_x.o(.constdata) for .constdata
    powf_x.o(i.__powf$lsc) refers to funder.o(i.__mathlib_flt_infnan2) for __mathlib_flt_infnan2
    powf_x.o(.constdata) refers (Special) to iusefp.o(.text) for __I$use$fp
    entry.o(.ARM.Collect$$$$00000000) refers (Special) to entry10a.o(.ARM.Collect$$$$0000000D) for __rt_final_cpp
    entry.o(.ARM.Collect$$$$00000000) refers (Special) to entry11a.o(.ARM.Collect$$$$0000000F) for __rt_final_exit
    entry.o(.ARM.Collect$$$$00000000) refers (Special) to entry7b.o(.ARM.Collect$$$$00000008) for _main_clock
    entry.o(.ARM.Collect$$$$00000000) refers (Special) to entry8b.o(.ARM.Collect$$$$0000000A) for _main_cpp_init
    entry.o(.ARM.Collect$$$$00000000) refers (Special) to entry9a.o(.ARM.Collect$$$$0000000B) for _main_init
    entry.o(.ARM.Collect$$$$00000000) refers (Special) to entry5.o(.ARM.Collect$$$$00000004) for _main_scatterload
    entry.o(.ARM.Collect$$$$00000000) refers (Special) to entry2.o(.ARM.Collect$$$$00000001) for _main_stk
    fadd.o(.text) refers (Special) to iusefp.o(.text) for __I$use$fp
    fadd.o(.text) refers to fepilogue.o(.text) for _float_epilogue
    fmul.o(.text) refers (Special) to iusefp.o(.text) for __I$use$fp
    fdiv.o(.text) refers (Special) to iusefp.o(.text) for __I$use$fp
    fdiv.o(.text) refers to fepilogue.o(.text) for _float_round
    ffltui.o(.text) refers (Special) to iusefp.o(.text) for __I$use$fp
    ffltui.o(.text) refers to fepilogue.o(.text) for _float_epilogue
    ffixui.o(.text) refers (Special) to iusefp.o(.text) for __I$use$fp
    fpclassifyf.o(i.__ARM_fpclassifyf) refers (Special) to iusefp.o(.text) for __I$use$fp
    funder.o(i.__mathlib_flt_divzero) refers to fdiv.o(.text) for __aeabi_fdiv
    funder.o(i.__mathlib_flt_infnan) refers to fscalb.o(.text) for __ARM_scalbnf
    funder.o(i.__mathlib_flt_infnan2) refers to fadd.o(.text) for __aeabi_fadd
    funder.o(i.__mathlib_flt_invalid) refers to fdiv.o(.text) for __aeabi_fdiv
    funder.o(i.__mathlib_flt_overflow) refers to fscalb.o(.text) for __ARM_scalbnf
    funder.o(i.__mathlib_flt_posinfnan) refers to fmul.o(.text) for __aeabi_fmul
    funder.o(i.__mathlib_flt_underflow) refers to fscalb.o(.text) for __ARM_scalbnf
    entry2.o(.ARM.Collect$$$$00000001) refers to entry2.o(.ARM.Collect$$$$00002712) for __lit__00000000
    entry2.o(.ARM.Collect$$$$00002712) refers to startup_stm32f103xb.o(STACK) for __initial_sp
    entry2.o(__vectab_stack_and_reset_area) refers to startup_stm32f103xb.o(STACK) for __initial_sp
    entry2.o(__vectab_stack_and_reset_area) refers to entry.o(.ARM.Collect$$$$00000000) for __main
    entry5.o(.ARM.Collect$$$$00000004) refers to init.o(.text) for __scatterload
    entry9a.o(.ARM.Collect$$$$0000000B) refers to main.o(i.main) for main
    entry9b.o(.ARM.Collect$$$$0000000C) refers to main.o(i.main) for main
    errno.o(i.__aeabi_errno_addr) refers to errno.o(.data) for .data
    errno.o(i.__read_errno) refers to errno.o(.data) for .data
    errno.o(i.__set_errno) refers to errno.o(.data) for .data
    fflti.o(.text) refers to fepilogue.o(.text) for _float_epilogue
    ffixir.o(.text) refers to fepilogue.o(.text) for _float_round
    init.o(.text) refers to entry5.o(.ARM.Collect$$$$00000004) for __main_after_scatterload


==============================================================================

Removing Unused input sections from the image.

    Removing startup_stm32f103xb.o(HEAP), (512 bytes).
    Removing gpio.o(.rev16_text), (4 bytes).
    Removing gpio.o(.revsh_text), (4 bytes).
    Removing gpio.o(.rrx_text), (6 bytes).
    Removing stm32f1xx_it.o(.rev16_text), (4 bytes).
    Removing stm32f1xx_it.o(.revsh_text), (4 bytes).
    Removing stm32f1xx_it.o(.rrx_text), (6 bytes).
    Removing main.o(.rev16_text), (4 bytes).
    Removing main.o(.revsh_text), (4 bytes).
    Removing main.o(.rrx_text), (6 bytes).
    Removing i2c.o(.rev16_text), (4 bytes).
    Removing i2c.o(.revsh_text), (4 bytes).
    Removing i2c.o(.rrx_text), (6 bytes).
    Removing i2c.o(i.HAL_I2C_MspDeInit), (48 bytes).
    Removing stm32f1xx_hal_msp.o(.rev16_text), (4 bytes).
    Removing stm32f1xx_hal_msp.o(.revsh_text), (4 bytes).
    Removing stm32f1xx_hal_msp.o(.rrx_text), (6 bytes).
    Removing tsc3472.o(.rev16_text), (4 bytes).
    Removing tsc3472.o(.revsh_text), (4 bytes).
    Removing tsc3472.o(.rrx_text), (6 bytes).
    Removing tsc3472.o(i.clearInterrupt), (36 bytes).
    Removing tsc3472.o(i.disable), (24 bytes).
    Removing tsc3472.o(i.setIntLimits), (40 bytes).
    Removing tsc3472.o(i.setInterrupt), (34 bytes).
    Removing stm32f1xx_hal_pwr.o(.rev16_text), (4 bytes).
    Removing stm32f1xx_hal_pwr.o(.revsh_text), (4 bytes).
    Removing stm32f1xx_hal_pwr.o(.rrx_text), (6 bytes).
    Removing stm32f1xx_hal_pwr.o(i.HAL_PWR_ConfigPVD), (180 bytes).
    Removing stm32f1xx_hal_pwr.o(i.HAL_PWR_DeInit), (28 bytes).
    Removing stm32f1xx_hal_pwr.o(i.HAL_PWR_DisableBkUpAccess), (12 bytes).
    Removing stm32f1xx_hal_pwr.o(i.HAL_PWR_DisablePVD), (12 bytes).
    Removing stm32f1xx_hal_pwr.o(i.HAL_PWR_DisableSEVOnPend), (20 bytes).
    Removing stm32f1xx_hal_pwr.o(i.HAL_PWR_DisableSleepOnExit), (20 bytes).
    Removing stm32f1xx_hal_pwr.o(i.HAL_PWR_DisableWakeUpPin), (28 bytes).
    Removing stm32f1xx_hal_pwr.o(i.HAL_PWR_EnableBkUpAccess), (12 bytes).
    Removing stm32f1xx_hal_pwr.o(i.HAL_PWR_EnablePVD), (12 bytes).
    Removing stm32f1xx_hal_pwr.o(i.HAL_PWR_EnableSEVOnPend), (20 bytes).
    Removing stm32f1xx_hal_pwr.o(i.HAL_PWR_EnableSleepOnExit), (20 bytes).
    Removing stm32f1xx_hal_pwr.o(i.HAL_PWR_EnableWakeUpPin), (28 bytes).
    Removing stm32f1xx_hal_pwr.o(i.HAL_PWR_EnterSLEEPMode), (32 bytes).
    Removing stm32f1xx_hal_pwr.o(i.HAL_PWR_EnterSTANDBYMode), (40 bytes).
    Removing stm32f1xx_hal_pwr.o(i.HAL_PWR_EnterSTOPMode), (84 bytes).
    Removing stm32f1xx_hal_pwr.o(i.HAL_PWR_PVDCallback), (2 bytes).
    Removing stm32f1xx_hal_pwr.o(i.HAL_PWR_PVD_IRQHandler), (32 bytes).
    Removing stm32f1xx_hal_pwr.o(i.PWR_OverloadWfe), (6 bytes).
    Removing stm32f1xx_hal_rcc.o(.rev16_text), (4 bytes).
    Removing stm32f1xx_hal_rcc.o(.revsh_text), (4 bytes).
    Removing stm32f1xx_hal_rcc.o(.rrx_text), (6 bytes).
    Removing stm32f1xx_hal_rcc.o(i.HAL_RCC_CSSCallback), (2 bytes).
    Removing stm32f1xx_hal_rcc.o(i.HAL_RCC_DeInit), (80 bytes).
    Removing stm32f1xx_hal_rcc.o(i.HAL_RCC_DisableCSS), (12 bytes).
    Removing stm32f1xx_hal_rcc.o(i.HAL_RCC_EnableCSS), (12 bytes).
    Removing stm32f1xx_hal_rcc.o(i.HAL_RCC_GetClockConfig), (68 bytes).
    Removing stm32f1xx_hal_rcc.o(i.HAL_RCC_GetOscConfig), (200 bytes).
    Removing stm32f1xx_hal_rcc.o(i.HAL_RCC_GetPCLK2Freq), (32 bytes).
    Removing stm32f1xx_hal_rcc.o(i.HAL_RCC_MCOConfig), (100 bytes).
    Removing stm32f1xx_hal_rcc.o(i.HAL_RCC_NMI_IRQHandler), (32 bytes).
    Removing stm32f1xx_hal_dma.o(.rev16_text), (4 bytes).
    Removing stm32f1xx_hal_dma.o(.revsh_text), (4 bytes).
    Removing stm32f1xx_hal_dma.o(.rrx_text), (6 bytes).
    Removing stm32f1xx_hal_dma.o(i.DMA_SetConfig), (44 bytes).
    Removing stm32f1xx_hal_dma.o(i.HAL_DMA_Abort), (58 bytes).
    Removing stm32f1xx_hal_dma.o(i.HAL_DMA_Abort_IT), (176 bytes).
    Removing stm32f1xx_hal_dma.o(i.HAL_DMA_DeInit), (96 bytes).
    Removing stm32f1xx_hal_dma.o(i.HAL_DMA_GetError), (6 bytes).
    Removing stm32f1xx_hal_dma.o(i.HAL_DMA_GetState), (8 bytes).
    Removing stm32f1xx_hal_dma.o(i.HAL_DMA_IRQHandler), (412 bytes).
    Removing stm32f1xx_hal_dma.o(i.HAL_DMA_Init), (112 bytes).
    Removing stm32f1xx_hal_dma.o(i.HAL_DMA_PollForTransfer), (692 bytes).
    Removing stm32f1xx_hal_dma.o(i.HAL_DMA_RegisterCallback), (90 bytes).
    Removing stm32f1xx_hal_dma.o(i.HAL_DMA_Start), (114 bytes).
    Removing stm32f1xx_hal_dma.o(i.HAL_DMA_Start_IT), (156 bytes).
    Removing stm32f1xx_hal_dma.o(i.HAL_DMA_UnRegisterCallback), (106 bytes).
    Removing stm32f1xx_hal_tim.o(.rev16_text), (4 bytes).
    Removing stm32f1xx_hal_tim.o(.revsh_text), (4 bytes).
    Removing stm32f1xx_hal_tim.o(.rrx_text), (6 bytes).
    Removing stm32f1xx_hal_cortex.o(.rev16_text), (4 bytes).
    Removing stm32f1xx_hal_cortex.o(.revsh_text), (4 bytes).
    Removing stm32f1xx_hal_cortex.o(.rrx_text), (6 bytes).
    Removing stm32f1xx_hal_cortex.o(i.HAL_NVIC_ClearPendingIRQ), (28 bytes).
    Removing stm32f1xx_hal_cortex.o(i.HAL_NVIC_DisableIRQ), (28 bytes).
    Removing stm32f1xx_hal_cortex.o(i.HAL_NVIC_EnableIRQ), (26 bytes).
    Removing stm32f1xx_hal_cortex.o(i.HAL_NVIC_GetActive), (40 bytes).
    Removing stm32f1xx_hal_cortex.o(i.HAL_NVIC_GetPendingIRQ), (40 bytes).
    Removing stm32f1xx_hal_cortex.o(i.HAL_NVIC_GetPriority), (148 bytes).
    Removing stm32f1xx_hal_cortex.o(i.HAL_NVIC_GetPriorityGrouping), (8 bytes).
    Removing stm32f1xx_hal_cortex.o(i.HAL_NVIC_SetPendingIRQ), (28 bytes).
    Removing stm32f1xx_hal_cortex.o(i.HAL_NVIC_SystemReset), (68 bytes).
    Removing stm32f1xx_hal.o(.rev16_text), (4 bytes).
    Removing stm32f1xx_hal.o(.revsh_text), (4 bytes).
    Removing stm32f1xx_hal.o(.rrx_text), (6 bytes).
    Removing stm32f1xx_hal.o(i.HAL_DBGMCU_DisableDBGSleepMode), (20 bytes).
    Removing stm32f1xx_hal.o(i.HAL_DBGMCU_DisableDBGStandbyMode), (20 bytes).
    Removing stm32f1xx_hal.o(i.HAL_DBGMCU_DisableDBGStopMode), (20 bytes).
    Removing stm32f1xx_hal.o(i.HAL_DBGMCU_EnableDBGSleepMode), (20 bytes).
    Removing stm32f1xx_hal.o(i.HAL_DBGMCU_EnableDBGStandbyMode), (20 bytes).
    Removing stm32f1xx_hal.o(i.HAL_DBGMCU_EnableDBGStopMode), (20 bytes).
    Removing stm32f1xx_hal.o(i.HAL_DeInit), (36 bytes).
    Removing stm32f1xx_hal.o(i.HAL_GetDEVID), (16 bytes).
    Removing stm32f1xx_hal.o(i.HAL_GetHalVersion), (8 bytes).
    Removing stm32f1xx_hal.o(i.HAL_GetREVID), (12 bytes).
    Removing stm32f1xx_hal.o(i.HAL_GetUID), (28 bytes).
    Removing stm32f1xx_hal.o(i.HAL_MspDeInit), (2 bytes).
    Removing stm32f1xx_hal.o(i.HAL_MspInit), (2 bytes).
    Removing stm32f1xx_hal.o(i.HAL_ResumeTick), (18 bytes).
    Removing stm32f1xx_hal.o(i.HAL_SuspendTick), (18 bytes).
    Removing stm32f1xx_hal_rcc_ex.o(.rev16_text), (4 bytes).
    Removing stm32f1xx_hal_rcc_ex.o(.revsh_text), (4 bytes).
    Removing stm32f1xx_hal_rcc_ex.o(.rrx_text), (6 bytes).
    Removing stm32f1xx_hal_rcc_ex.o(i.HAL_RCCEx_GetPeriphCLKConfig), (60 bytes).
    Removing stm32f1xx_hal_rcc_ex.o(i.HAL_RCCEx_GetPeriphCLKFreq), (288 bytes).
    Removing stm32f1xx_hal_rcc_ex.o(i.HAL_RCCEx_PeriphCLKConfig), (304 bytes).
    Removing stm32f1xx_hal_gpio.o(.rev16_text), (4 bytes).
    Removing stm32f1xx_hal_gpio.o(.revsh_text), (4 bytes).
    Removing stm32f1xx_hal_gpio.o(.rrx_text), (6 bytes).
    Removing stm32f1xx_hal_gpio.o(i.HAL_GPIO_DeInit), (312 bytes).
    Removing stm32f1xx_hal_gpio.o(i.HAL_GPIO_EXTI_Callback), (2 bytes).
    Removing stm32f1xx_hal_gpio.o(i.HAL_GPIO_EXTI_IRQHandler), (28 bytes).
    Removing stm32f1xx_hal_gpio.o(i.HAL_GPIO_LockPin), (46 bytes).
    Removing stm32f1xx_hal_gpio.o(i.HAL_GPIO_ReadPin), (16 bytes).
    Removing stm32f1xx_hal_gpio.o(i.HAL_GPIO_TogglePin), (8 bytes).
    Removing stm32f1xx_hal_gpio_ex.o(.rev16_text), (4 bytes).
    Removing stm32f1xx_hal_gpio_ex.o(.revsh_text), (4 bytes).
    Removing stm32f1xx_hal_gpio_ex.o(.rrx_text), (6 bytes).
    Removing stm32f1xx_hal_gpio_ex.o(i.HAL_GPIOEx_ConfigEventout), (24 bytes).
    Removing stm32f1xx_hal_gpio_ex.o(i.HAL_GPIOEx_DisableEventout), (20 bytes).
    Removing stm32f1xx_hal_gpio_ex.o(i.HAL_GPIOEx_EnableEventout), (20 bytes).
    Removing stm32f1xx_hal_i2c.o(.rev16_text), (4 bytes).
    Removing stm32f1xx_hal_i2c.o(.revsh_text), (4 bytes).
    Removing stm32f1xx_hal_i2c.o(.rrx_text), (6 bytes).
    Removing stm32f1xx_hal_i2c.o(i.HAL_I2C_AbortCpltCallback), (2 bytes).
    Removing stm32f1xx_hal_i2c.o(i.HAL_I2C_AddrCallback), (2 bytes).
    Removing stm32f1xx_hal_i2c.o(i.HAL_I2C_DeInit), (60 bytes).
    Removing stm32f1xx_hal_i2c.o(i.HAL_I2C_DisableListen_IT), (70 bytes).
    Removing stm32f1xx_hal_i2c.o(i.HAL_I2C_ER_IRQHandler), (240 bytes).
    Removing stm32f1xx_hal_i2c.o(i.HAL_I2C_EV_IRQHandler), (376 bytes).
    Removing stm32f1xx_hal_i2c.o(i.HAL_I2C_EnableListen_IT), (70 bytes).
    Removing stm32f1xx_hal_i2c.o(i.HAL_I2C_ErrorCallback), (2 bytes).
    Removing stm32f1xx_hal_i2c.o(i.HAL_I2C_GetError), (6 bytes).
    Removing stm32f1xx_hal_i2c.o(i.HAL_I2C_GetMode), (8 bytes).
    Removing stm32f1xx_hal_i2c.o(i.HAL_I2C_GetState), (8 bytes).
    Removing stm32f1xx_hal_i2c.o(i.HAL_I2C_IsDeviceReady), (436 bytes).
    Removing stm32f1xx_hal_i2c.o(i.HAL_I2C_ListenCpltCallback), (2 bytes).
    Removing stm32f1xx_hal_i2c.o(i.HAL_I2C_MasterRxCpltCallback), (2 bytes).
    Removing stm32f1xx_hal_i2c.o(i.HAL_I2C_MasterTxCpltCallback), (2 bytes).
    Removing stm32f1xx_hal_i2c.o(i.HAL_I2C_Master_Abort_IT), (110 bytes).
    Removing stm32f1xx_hal_i2c.o(i.HAL_I2C_Master_Receive_DMA), (364 bytes).
    Removing stm32f1xx_hal_i2c.o(i.HAL_I2C_Master_Receive_IT), (240 bytes).
    Removing stm32f1xx_hal_i2c.o(i.HAL_I2C_Master_Sequential_Receive_IT), (296 bytes).
    Removing stm32f1xx_hal_i2c.o(i.HAL_I2C_Master_Sequential_Transmit_IT), (272 bytes).
    Removing stm32f1xx_hal_i2c.o(i.HAL_I2C_Master_Transmit_DMA), (364 bytes).
    Removing stm32f1xx_hal_i2c.o(i.HAL_I2C_Master_Transmit_IT), (228 bytes).
    Removing stm32f1xx_hal_i2c.o(i.HAL_I2C_MemRxCpltCallback), (2 bytes).
    Removing stm32f1xx_hal_i2c.o(i.HAL_I2C_MemTxCpltCallback), (2 bytes).
    Removing stm32f1xx_hal_i2c.o(i.HAL_I2C_Mem_Read), (840 bytes).
    Removing stm32f1xx_hal_i2c.o(i.HAL_I2C_Mem_Read_DMA), (512 bytes).
    Removing stm32f1xx_hal_i2c.o(i.HAL_I2C_Mem_Read_IT), (252 bytes).
    Removing stm32f1xx_hal_i2c.o(i.HAL_I2C_Mem_Write), (392 bytes).
    Removing stm32f1xx_hal_i2c.o(i.HAL_I2C_Mem_Write_DMA), (380 bytes).
    Removing stm32f1xx_hal_i2c.o(i.HAL_I2C_Mem_Write_IT), (236 bytes).
    Removing stm32f1xx_hal_i2c.o(i.HAL_I2C_MspDeInit), (2 bytes).
    Removing stm32f1xx_hal_i2c.o(i.HAL_I2C_MspInit), (2 bytes).
    Removing stm32f1xx_hal_i2c.o(i.HAL_I2C_SlaveRxCpltCallback), (2 bytes).
    Removing stm32f1xx_hal_i2c.o(i.HAL_I2C_SlaveTxCpltCallback), (2 bytes).
    Removing stm32f1xx_hal_i2c.o(i.HAL_I2C_Slave_Receive), (408 bytes).
    Removing stm32f1xx_hal_i2c.o(i.HAL_I2C_Slave_Receive_DMA), (300 bytes).
    Removing stm32f1xx_hal_i2c.o(i.HAL_I2C_Slave_Receive_IT), (232 bytes).
    Removing stm32f1xx_hal_i2c.o(i.HAL_I2C_Slave_Sequential_Receive_IT), (154 bytes).
    Removing stm32f1xx_hal_i2c.o(i.HAL_I2C_Slave_Sequential_Transmit_IT), (154 bytes).
    Removing stm32f1xx_hal_i2c.o(i.HAL_I2C_Slave_Transmit), (412 bytes).
    Removing stm32f1xx_hal_i2c.o(i.HAL_I2C_Slave_Transmit_DMA), (300 bytes).
    Removing stm32f1xx_hal_i2c.o(i.HAL_I2C_Slave_Transmit_IT), (232 bytes).
    Removing stm32f1xx_hal_i2c.o(i.I2C_DMAAbort), (104 bytes).
    Removing stm32f1xx_hal_i2c.o(i.I2C_DMAError), (50 bytes).
    Removing stm32f1xx_hal_i2c.o(i.I2C_DMAXferCplt), (166 bytes).
    Removing stm32f1xx_hal_i2c.o(i.I2C_ITError), (368 bytes).
    Removing stm32f1xx_hal_i2c.o(i.I2C_MasterReceive_BTF), (258 bytes).
    Removing stm32f1xx_hal_i2c.o(i.I2C_MasterReceive_RXNE), (222 bytes).
    Removing stm32f1xx_hal_i2c.o(i.I2C_MasterTransmit_BTF), (160 bytes).
    Removing stm32f1xx_hal_i2c.o(i.I2C_MasterTransmit_TXE), (330 bytes).
    Removing stm32f1xx_hal_i2c.o(i.I2C_Master_ADD10), (14 bytes).
    Removing stm32f1xx_hal_i2c.o(i.I2C_Master_ADDR), (582 bytes).
    Removing stm32f1xx_hal_i2c.o(i.I2C_Master_SB), (130 bytes).
    Removing stm32f1xx_hal_i2c.o(i.I2C_RequestMemoryRead), (344 bytes).
    Removing stm32f1xx_hal_i2c.o(i.I2C_RequestMemoryWrite), (224 bytes).
    Removing stm32f1xx_hal_i2c.o(i.I2C_SlaveReceive_BTF), (30 bytes).
    Removing stm32f1xx_hal_i2c.o(i.I2C_SlaveReceive_RXNE), (72 bytes).
    Removing stm32f1xx_hal_i2c.o(i.I2C_SlaveTransmit_BTF), (28 bytes).
    Removing stm32f1xx_hal_i2c.o(i.I2C_SlaveTransmit_TXE), (70 bytes).
    Removing stm32f1xx_hal_i2c.o(i.I2C_Slave_ADDR), (54 bytes).
    Removing stm32f1xx_hal_i2c.o(i.I2C_Slave_AF), (164 bytes).
    Removing stm32f1xx_hal_i2c.o(i.I2C_Slave_STOPF), (272 bytes).
    Removing stm32f1xx_hal_i2c.o(i.I2C_WaitOnSTOPFlagUntilTimeout), (82 bytes).
    Removing stm32f1xx_hal_flash.o(.rev16_text), (4 bytes).
    Removing stm32f1xx_hal_flash.o(.revsh_text), (4 bytes).
    Removing stm32f1xx_hal_flash.o(.rrx_text), (6 bytes).
    Removing stm32f1xx_hal_flash.o(i.FLASH_Program_HalfWord), (32 bytes).
    Removing stm32f1xx_hal_flash.o(i.FLASH_SetErrorCode), (132 bytes).
    Removing stm32f1xx_hal_flash.o(i.FLASH_WaitForLastOperation), (112 bytes).
    Removing stm32f1xx_hal_flash.o(i.HAL_FLASH_EndOfOperationCallback), (2 bytes).
    Removing stm32f1xx_hal_flash.o(i.HAL_FLASH_GetError), (12 bytes).
    Removing stm32f1xx_hal_flash.o(i.HAL_FLASH_IRQHandler), (384 bytes).
    Removing stm32f1xx_hal_flash.o(i.HAL_FLASH_Lock), (20 bytes).
    Removing stm32f1xx_hal_flash.o(i.HAL_FLASH_OB_Launch), (8 bytes).
    Removing stm32f1xx_hal_flash.o(i.HAL_FLASH_OB_Lock), (20 bytes).
    Removing stm32f1xx_hal_flash.o(i.HAL_FLASH_OB_Unlock), (44 bytes).
    Removing stm32f1xx_hal_flash.o(i.HAL_FLASH_OperationErrorCallback), (2 bytes).
    Removing stm32f1xx_hal_flash.o(i.HAL_FLASH_Program), (176 bytes).
    Removing stm32f1xx_hal_flash.o(i.HAL_FLASH_Program_IT), (124 bytes).
    Removing stm32f1xx_hal_flash.o(i.HAL_FLASH_Unlock), (44 bytes).
    Removing stm32f1xx_hal_flash.o(.bss), (32 bytes).
    Removing stm32f1xx_hal_flash_ex.o(.rev16_text), (4 bytes).
    Removing stm32f1xx_hal_flash_ex.o(.revsh_text), (4 bytes).
    Removing stm32f1xx_hal_flash_ex.o(.rrx_text), (6 bytes).
    Removing stm32f1xx_hal_flash_ex.o(i.FLASH_MassErase), (40 bytes).
    Removing stm32f1xx_hal_flash_ex.o(i.FLASH_OB_DisableWRP), (232 bytes).
    Removing stm32f1xx_hal_flash_ex.o(i.FLASH_OB_EnableWRP), (236 bytes).
    Removing stm32f1xx_hal_flash_ex.o(i.FLASH_OB_GetRDP), (28 bytes).
    Removing stm32f1xx_hal_flash_ex.o(i.FLASH_OB_GetUser), (16 bytes).
    Removing stm32f1xx_hal_flash_ex.o(i.FLASH_OB_GetWRP), (12 bytes).
    Removing stm32f1xx_hal_flash_ex.o(i.FLASH_OB_ProgramData), (76 bytes).
    Removing stm32f1xx_hal_flash_ex.o(i.FLASH_OB_RDP_LevelConfig), (124 bytes).
    Removing stm32f1xx_hal_flash_ex.o(i.FLASH_OB_UserConfig), (84 bytes).
    Removing stm32f1xx_hal_flash_ex.o(i.FLASH_PageErase), (40 bytes).
    Removing stm32f1xx_hal_flash_ex.o(i.HAL_FLASHEx_Erase), (176 bytes).
    Removing stm32f1xx_hal_flash_ex.o(i.HAL_FLASHEx_Erase_IT), (100 bytes).
    Removing stm32f1xx_hal_flash_ex.o(i.HAL_FLASHEx_OBErase), (96 bytes).
    Removing stm32f1xx_hal_flash_ex.o(i.HAL_FLASHEx_OBGetConfig), (28 bytes).
    Removing stm32f1xx_hal_flash_ex.o(i.HAL_FLASHEx_OBGetUserData), (40 bytes).
    Removing stm32f1xx_hal_flash_ex.o(i.HAL_FLASHEx_OBProgram), (200 bytes).
    Removing stm32f1xx_hal_tim_ex.o(.rev16_text), (4 bytes).
    Removing stm32f1xx_hal_tim_ex.o(.revsh_text), (4 bytes).
    Removing stm32f1xx_hal_tim_ex.o(.rrx_text), (6 bytes).
    Removing system_stm32f1xx.o(.rev16_text), (4 bytes).
    Removing system_stm32f1xx.o(.revsh_text), (4 bytes).
    Removing system_stm32f1xx.o(.rrx_text), (6 bytes).
    Removing system_stm32f1xx.o(i.SystemCoreClockUpdate), (164 bytes).

237 unused section(s) (total 20508 bytes) removed from the image.

==============================================================================

Image Symbol Table

    Local Symbols

    Symbol Name                              Value     Ov Type        Size  Object(Section)

    ../Src/gpio.c                            0x00000000   Number         0  gpio.o ABSOLUTE
    ../Src/i2c.c                             0x00000000   Number         0  i2c.o ABSOLUTE
    ../Src/main.c                            0x00000000   Number         0  main.o ABSOLUTE
    ../Src/stm32f1xx_hal_msp.c               0x00000000   Number         0  stm32f1xx_hal_msp.o ABSOLUTE
    ../Src/stm32f1xx_it.c                    0x00000000   Number         0  stm32f1xx_it.o ABSOLUTE
    ../Src/system_stm32f1xx.c                0x00000000   Number         0  system_stm32f1xx.o ABSOLUTE
    ../clib/microlib/errno.c                 0x00000000   Number         0  errno.o ABSOLUTE
    ../clib/microlib/init/entry.s            0x00000000   Number         0  entry5.o ABSOLUTE
    ../clib/microlib/init/entry.s            0x00000000   Number         0  entry7a.o ABSOLUTE
    ../clib/microlib/init/entry.s            0x00000000   Number         0  entry.o ABSOLUTE
    ../clib/microlib/init/entry.s            0x00000000   Number         0  entry10b.o ABSOLUTE
    ../clib/microlib/init/entry.s            0x00000000   Number         0  entry11b.o ABSOLUTE
    ../clib/microlib/init/entry.s            0x00000000   Number         0  entry10a.o ABSOLUTE
    ../clib/microlib/init/entry.s            0x00000000   Number         0  entry9b.o ABSOLUTE
    ../clib/microlib/init/entry.s            0x00000000   Number         0  entry9a.o ABSOLUTE
    ../clib/microlib/init/entry.s            0x00000000   Number         0  entry8b.o ABSOLUTE
    ../clib/microlib/init/entry.s            0x00000000   Number         0  entry8a.o ABSOLUTE
    ../clib/microlib/init/entry.s            0x00000000   Number         0  entry7b.o ABSOLUTE
    ../clib/microlib/init/entry.s            0x00000000   Number         0  entry11a.o ABSOLUTE
    ../clib/microlib/init/entry.s            0x00000000   Number         0  entry2.o ABSOLUTE
    ../clib/microlib/longlong.c              0x00000000   Number         0  llushr.o ABSOLUTE
    ../clib/microlib/stubs.s                 0x00000000   Number         0  iusefp.o ABSOLUTE
    ../fplib/microlib/fpadd.c                0x00000000   Number         0  fadd.o ABSOLUTE
    ../fplib/microlib/fpdiv.c                0x00000000   Number         0  fdiv.o ABSOLUTE
    ../fplib/microlib/fpepilogue.c           0x00000000   Number         0  fepilogue.o ABSOLUTE
    ../fplib/microlib/fpfix.c                0x00000000   Number         0  ffixui.o ABSOLUTE
    ../fplib/microlib/fpfix.c                0x00000000   Number         0  ffixir.o ABSOLUTE
    ../fplib/microlib/fpflt.c                0x00000000   Number         0  fflti.o ABSOLUTE
    ../fplib/microlib/fpflt.c                0x00000000   Number         0  ffltui.o ABSOLUTE
    ../fplib/microlib/fpmul.c                0x00000000   Number         0  fmul.o ABSOLUTE
    ../fplib/microlib/fpscalb.c              0x00000000   Number         0  fscalb.o ABSOLUTE
    ../fplib/microlib/fpstat.c               0x00000000   Number         0  fpstat.o ABSOLUTE
    ../mathlib/fpclassifyf.c                 0x00000000   Number         0  fpclassifyf.o ABSOLUTE
    ../mathlib/funder.c                      0x00000000   Number         0  funder.o ABSOLUTE
    ../mathlib/powf.c                        0x00000000   Number         0  powf.o ABSOLUTE
    ../mathlib/powf.c                        0x00000000   Number         0  powf_x.o ABSOLUTE
    ..\Src\gpio.c                            0x00000000   Number         0  gpio.o ABSOLUTE
    ..\Src\i2c.c                             0x00000000   Number         0  i2c.o ABSOLUTE
    ..\Src\main.c                            0x00000000   Number         0  main.o ABSOLUTE
    ..\Src\stm32f1xx_hal_msp.c               0x00000000   Number         0  stm32f1xx_hal_msp.o ABSOLUTE
    ..\Src\stm32f1xx_it.c                    0x00000000   Number         0  stm32f1xx_it.o ABSOLUTE
    ..\Src\system_stm32f1xx.c                0x00000000   Number         0  system_stm32f1xx.o ABSOLUTE
    ..\Src\tsc3472.c                         0x00000000   Number         0  tsc3472.o ABSOLUTE
    ..\\Src\\tsc3472.c                       0x00000000   Number         0  tsc3472.o ABSOLUTE
    C:/Users/Arsam/STM32Cube/Repository/STM32Cube_FW_F1_V1.6.0/Drivers/STM32F1xx_HAL_Driver/Src/stm32f1xx_hal.c 0x00000000   Number         0  stm32f1xx_hal.o ABSOLUTE
    C:/Users/Arsam/STM32Cube/Repository/STM32Cube_FW_F1_V1.6.0/Drivers/STM32F1xx_HAL_Driver/Src/stm32f1xx_hal_cortex.c 0x00000000   Number         0  stm32f1xx_hal_cortex.o ABSOLUTE
    C:/Users/Arsam/STM32Cube/Repository/STM32Cube_FW_F1_V1.6.0/Drivers/STM32F1xx_HAL_Driver/Src/stm32f1xx_hal_dma.c 0x00000000   Number         0  stm32f1xx_hal_dma.o ABSOLUTE
    C:/Users/Arsam/STM32Cube/Repository/STM32Cube_FW_F1_V1.6.0/Drivers/STM32F1xx_HAL_Driver/Src/stm32f1xx_hal_flash.c 0x00000000   Number         0  stm32f1xx_hal_flash.o ABSOLUTE
    C:/Users/Arsam/STM32Cube/Repository/STM32Cube_FW_F1_V1.6.0/Drivers/STM32F1xx_HAL_Driver/Src/stm32f1xx_hal_flash_ex.c 0x00000000   Number         0  stm32f1xx_hal_flash_ex.o ABSOLUTE
    C:/Users/Arsam/STM32Cube/Repository/STM32Cube_FW_F1_V1.6.0/Drivers/STM32F1xx_HAL_Driver/Src/stm32f1xx_hal_gpio.c 0x00000000   Number         0  stm32f1xx_hal_gpio.o ABSOLUTE
    C:/Users/Arsam/STM32Cube/Repository/STM32Cube_FW_F1_V1.6.0/Drivers/STM32F1xx_HAL_Driver/Src/stm32f1xx_hal_gpio_ex.c 0x00000000   Number         0  stm32f1xx_hal_gpio_ex.o ABSOLUTE
    C:/Users/Arsam/STM32Cube/Repository/STM32Cube_FW_F1_V1.6.0/Drivers/STM32F1xx_HAL_Driver/Src/stm32f1xx_hal_i2c.c 0x00000000   Number         0  stm32f1xx_hal_i2c.o ABSOLUTE
    C:/Users/Arsam/STM32Cube/Repository/STM32Cube_FW_F1_V1.6.0/Drivers/STM32F1xx_HAL_Driver/Src/stm32f1xx_hal_pwr.c 0x00000000   Number         0  stm32f1xx_hal_pwr.o ABSOLUTE
    C:/Users/Arsam/STM32Cube/Repository/STM32Cube_FW_F1_V1.6.0/Drivers/STM32F1xx_HAL_Driver/Src/stm32f1xx_hal_rcc.c 0x00000000   Number         0  stm32f1xx_hal_rcc.o ABSOLUTE
    C:/Users/Arsam/STM32Cube/Repository/STM32Cube_FW_F1_V1.6.0/Drivers/STM32F1xx_HAL_Driver/Src/stm32f1xx_hal_rcc_ex.c 0x00000000   Number         0  stm32f1xx_hal_rcc_ex.o ABSOLUTE
    C:/Users/Arsam/STM32Cube/Repository/STM32Cube_FW_F1_V1.6.0/Drivers/STM32F1xx_HAL_Driver/Src/stm32f1xx_hal_tim.c 0x00000000   Number         0  stm32f1xx_hal_tim.o ABSOLUTE
    C:/Users/Arsam/STM32Cube/Repository/STM32Cube_FW_F1_V1.6.0/Drivers/STM32F1xx_HAL_Driver/Src/stm32f1xx_hal_tim_ex.c 0x00000000   Number         0  stm32f1xx_hal_tim_ex.o ABSOLUTE
    C:\Users\Arsam\STM32Cube\Repository\STM32Cube_FW_F1_V1.6.0\Drivers\STM32F1xx_HAL_Driver\Src\stm32f1xx_hal.c 0x00000000   Number         0  stm32f1xx_hal.o ABSOLUTE
    C:\Users\Arsam\STM32Cube\Repository\STM32Cube_FW_F1_V1.6.0\Drivers\STM32F1xx_HAL_Driver\Src\stm32f1xx_hal_cortex.c 0x00000000   Number         0  stm32f1xx_hal_cortex.o ABSOLUTE
    C:\Users\Arsam\STM32Cube\Repository\STM32Cube_FW_F1_V1.6.0\Drivers\STM32F1xx_HAL_Driver\Src\stm32f1xx_hal_dma.c 0x00000000   Number         0  stm32f1xx_hal_dma.o ABSOLUTE
    C:\Users\Arsam\STM32Cube\Repository\STM32Cube_FW_F1_V1.6.0\Drivers\STM32F1xx_HAL_Driver\Src\stm32f1xx_hal_flash.c 0x00000000   Number         0  stm32f1xx_hal_flash.o ABSOLUTE
    C:\Users\Arsam\STM32Cube\Repository\STM32Cube_FW_F1_V1.6.0\Drivers\STM32F1xx_HAL_Driver\Src\stm32f1xx_hal_flash_ex.c 0x00000000   Number         0  stm32f1xx_hal_flash_ex.o ABSOLUTE
    C:\Users\Arsam\STM32Cube\Repository\STM32Cube_FW_F1_V1.6.0\Drivers\STM32F1xx_HAL_Driver\Src\stm32f1xx_hal_gpio.c 0x00000000   Number         0  stm32f1xx_hal_gpio.o ABSOLUTE
    C:\Users\Arsam\STM32Cube\Repository\STM32Cube_FW_F1_V1.6.0\Drivers\STM32F1xx_HAL_Driver\Src\stm32f1xx_hal_gpio_ex.c 0x00000000   Number         0  stm32f1xx_hal_gpio_ex.o ABSOLUTE
    C:\Users\Arsam\STM32Cube\Repository\STM32Cube_FW_F1_V1.6.0\Drivers\STM32F1xx_HAL_Driver\Src\stm32f1xx_hal_i2c.c 0x00000000   Number         0  stm32f1xx_hal_i2c.o ABSOLUTE
    C:\Users\Arsam\STM32Cube\Repository\STM32Cube_FW_F1_V1.6.0\Drivers\STM32F1xx_HAL_Driver\Src\stm32f1xx_hal_pwr.c 0x00000000   Number         0  stm32f1xx_hal_pwr.o ABSOLUTE
    C:\Users\Arsam\STM32Cube\Repository\STM32Cube_FW_F1_V1.6.0\Drivers\STM32F1xx_HAL_Driver\Src\stm32f1xx_hal_rcc.c 0x00000000   Number         0  stm32f1xx_hal_rcc.o ABSOLUTE
    C:\Users\Arsam\STM32Cube\Repository\STM32Cube_FW_F1_V1.6.0\Drivers\STM32F1xx_HAL_Driver\Src\stm32f1xx_hal_rcc_ex.c 0x00000000   Number         0  stm32f1xx_hal_rcc_ex.o ABSOLUTE
    C:\Users\Arsam\STM32Cube\Repository\STM32Cube_FW_F1_V1.6.0\Drivers\STM32F1xx_HAL_Driver\Src\stm32f1xx_hal_tim.c 0x00000000   Number         0  stm32f1xx_hal_tim.o ABSOLUTE
    C:\Users\Arsam\STM32Cube\Repository\STM32Cube_FW_F1_V1.6.0\Drivers\STM32F1xx_HAL_Driver\Src\stm32f1xx_hal_tim_ex.c 0x00000000   Number         0  stm32f1xx_hal_tim_ex.o ABSOLUTE
    dc.s                                     0x00000000   Number         0  dc.o ABSOLUTE
    handlers.s                               0x00000000   Number         0  handlers.o ABSOLUTE
    init.s                                   0x00000000   Number         0  init.o ABSOLUTE
    startup_stm32f103xb.s                    0x00000000   Number         0  startup_stm32f103xb.o ABSOLUTE
    RESET                                    0x08000000   Section      236  startup_stm32f103xb.o(RESET)
    .ARM.Collect$$$$00000000                 0x080000ec   Section        0  entry.o(.ARM.Collect$$$$00000000)
    .ARM.Collect$$$$00000001                 0x080000ec   Section        4  entry2.o(.ARM.Collect$$$$00000001)
    .ARM.Collect$$$$00000004                 0x080000f0   Section        4  entry5.o(.ARM.Collect$$$$00000004)
    .ARM.Collect$$$$00000008                 0x080000f4   Section        0  entry7b.o(.ARM.Collect$$$$00000008)
    .ARM.Collect$$$$0000000A                 0x080000f4   Section        0  entry8b.o(.ARM.Collect$$$$0000000A)
    .ARM.Collect$$$$0000000B                 0x080000f4   Section        8  entry9a.o(.ARM.Collect$$$$0000000B)
    .ARM.Collect$$$$0000000D                 0x080000fc   Section        0  entry10a.o(.ARM.Collect$$$$0000000D)
    .ARM.Collect$$$$0000000F                 0x080000fc   Section        0  entry11a.o(.ARM.Collect$$$$0000000F)
    .ARM.Collect$$$$00002712                 0x080000fc   Section        4  entry2.o(.ARM.Collect$$$$00002712)
    __lit__00000000                          0x080000fc   Data           4  entry2.o(.ARM.Collect$$$$00002712)
    .text                                    0x08000100   Section       36  startup_stm32f103xb.o(.text)
    .text                                    0x08000124   Section        0  fadd.o(.text)
    .text                                    0x080001d4   Section        0  fmul.o(.text)
    .text                                    0x08000238   Section        0  fdiv.o(.text)
    .text                                    0x080002b4   Section        0  ffltui.o(.text)
    .text                                    0x080002be   Section        0  ffixui.o(.text)
    .text                                    0x080002e6   Section        0  fepilogue.o(.text)
    .text                                    0x080002e6   Section        0  iusefp.o(.text)
    .text                                    0x08000354   Section        0  fscalb.o(.text)
    .text                                    0x0800036c   Section        0  fflti.o(.text)
    .text                                    0x0800037e   Section        0  ffixir.o(.text)
    .text                                    0x080003ca   Section        0  fpstat.o(.text)
    .text                                    0x080003d0   Section       36  init.o(.text)
    i.BusFault_Handler                       0x080003f4   Section        0  stm32f1xx_it.o(i.BusFault_Handler)
    i.DebugMon_Handler                       0x080003f8   Section        0  stm32f1xx_it.o(i.DebugMon_Handler)
    i.HAL_Delay                              0x080003fa   Section        0  stm32f1xx_hal.o(i.HAL_Delay)
    i.HAL_GPIO_Init                          0x08000418   Section        0  stm32f1xx_hal_gpio.o(i.HAL_GPIO_Init)
    i.HAL_GPIO_WritePin                      0x08000734   Section        0  stm32f1xx_hal_gpio.o(i.HAL_GPIO_WritePin)
    i.HAL_GetTick                            0x08000740   Section        0  stm32f1xx_hal.o(i.HAL_GetTick)
    i.HAL_I2C_Init                           0x0800074c   Section        0  stm32f1xx_hal_i2c.o(i.HAL_I2C_Init)
    i.HAL_I2C_Master_Receive                 0x08000874   Section        0  stm32f1xx_hal_i2c.o(i.HAL_I2C_Master_Receive)
    i.HAL_I2C_Master_Transmit                0x08000bb0   Section        0  stm32f1xx_hal_i2c.o(i.HAL_I2C_Master_Transmit)
    i.HAL_I2C_MspInit                        0x08000d44   Section        0  i2c.o(i.HAL_I2C_MspInit)
    i.HAL_IncTick                            0x08000da4   Section        0  stm32f1xx_hal.o(i.HAL_IncTick)
    i.HAL_Init                               0x08000db4   Section        0  stm32f1xx_hal.o(i.HAL_Init)
    i.HAL_InitTick                           0x08000ddc   Section        0  stm32f1xx_hal.o(i.HAL_InitTick)
    i.HAL_MspInit                            0x08000e04   Section        0  stm32f1xx_hal_msp.o(i.HAL_MspInit)
    i.HAL_NVIC_SetPriority                   0x08000e98   Section        0  stm32f1xx_hal_cortex.o(i.HAL_NVIC_SetPriority)
    i.HAL_NVIC_SetPriorityGrouping           0x08000f14   Section        0  stm32f1xx_hal_cortex.o(i.HAL_NVIC_SetPriorityGrouping)
    i.HAL_RCC_ClockConfig                    0x08000f3c   Section        0  stm32f1xx_hal_rcc.o(i.HAL_RCC_ClockConfig)
    i.HAL_RCC_GetHCLKFreq                    0x080010e0   Section        0  stm32f1xx_hal_rcc.o(i.HAL_RCC_GetHCLKFreq)
    i.HAL_RCC_GetPCLK1Freq                   0x080010ec   Section        0  stm32f1xx_hal_rcc.o(i.HAL_RCC_GetPCLK1Freq)
    i.HAL_RCC_GetSysClockFreq                0x0800110c   Section        0  stm32f1xx_hal_rcc.o(i.HAL_RCC_GetSysClockFreq)
    i.HAL_RCC_OscConfig                      0x080011a4   Section        0  stm32f1xx_hal_rcc.o(i.HAL_RCC_OscConfig)
    i.HAL_SYSTICK_CLKSourceConfig            0x080015e4   Section        0  stm32f1xx_hal_cortex.o(i.HAL_SYSTICK_CLKSourceConfig)
    i.HAL_SYSTICK_Callback                   0x0800160c   Section        0  stm32f1xx_hal_cortex.o(i.HAL_SYSTICK_Callback)
    i.HAL_SYSTICK_Config                     0x0800160e   Section        0  stm32f1xx_hal_cortex.o(i.HAL_SYSTICK_Config)
    i.HAL_SYSTICK_IRQHandler                 0x08001642   Section        0  stm32f1xx_hal_cortex.o(i.HAL_SYSTICK_IRQHandler)
    i.HardFault_Handler                      0x0800164a   Section        0  stm32f1xx_it.o(i.HardFault_Handler)
    i.I2C_IsAcknowledgeFailed                0x0800164e   Section        0  stm32f1xx_hal_i2c.o(i.I2C_IsAcknowledgeFailed)
    I2C_IsAcknowledgeFailed                  0x0800164f   Thumb Code    52  stm32f1xx_hal_i2c.o(i.I2C_IsAcknowledgeFailed)
    i.I2C_MasterRequestRead                  0x08001684   Section        0  stm32f1xx_hal_i2c.o(i.I2C_MasterRequestRead)
    I2C_MasterRequestRead                    0x08001685   Thumb Code   298  stm32f1xx_hal_i2c.o(i.I2C_MasterRequestRead)
    i.I2C_MasterRequestWrite                 0x080017b4   Section        0  stm32f1xx_hal_i2c.o(i.I2C_MasterRequestWrite)
    I2C_MasterRequestWrite                   0x080017b5   Thumb Code   186  stm32f1xx_hal_i2c.o(i.I2C_MasterRequestWrite)
    i.I2C_WaitOnBTFFlagUntilTimeout          0x08001874   Section        0  stm32f1xx_hal_i2c.o(i.I2C_WaitOnBTFFlagUntilTimeout)
    I2C_WaitOnBTFFlagUntilTimeout            0x08001875   Thumb Code    86  stm32f1xx_hal_i2c.o(i.I2C_WaitOnBTFFlagUntilTimeout)
    i.I2C_WaitOnFlagUntilTimeout             0x080018ca   Section        0  stm32f1xx_hal_i2c.o(i.I2C_WaitOnFlagUntilTimeout)
    I2C_WaitOnFlagUntilTimeout               0x080018cb   Thumb Code   124  stm32f1xx_hal_i2c.o(i.I2C_WaitOnFlagUntilTimeout)
    i.I2C_WaitOnMasterAddressFlagUntilTimeout 0x08001946   Section        0  stm32f1xx_hal_i2c.o(i.I2C_WaitOnMasterAddressFlagUntilTimeout)
    I2C_WaitOnMasterAddressFlagUntilTimeout  0x08001947   Thumb Code   172  stm32f1xx_hal_i2c.o(i.I2C_WaitOnMasterAddressFlagUntilTimeout)
    i.I2C_WaitOnRXNEFlagUntilTimeout         0x080019f2   Section        0  stm32f1xx_hal_i2c.o(i.I2C_WaitOnRXNEFlagUntilTimeout)
    I2C_WaitOnRXNEFlagUntilTimeout           0x080019f3   Thumb Code   110  stm32f1xx_hal_i2c.o(i.I2C_WaitOnRXNEFlagUntilTimeout)
    i.I2C_WaitOnTXEFlagUntilTimeout          0x08001a60   Section        0  stm32f1xx_hal_i2c.o(i.I2C_WaitOnTXEFlagUntilTimeout)
    I2C_WaitOnTXEFlagUntilTimeout            0x08001a61   Thumb Code    86  stm32f1xx_hal_i2c.o(i.I2C_WaitOnTXEFlagUntilTimeout)
    i.MX_GPIO_Init                           0x08001ab8   Section        0  gpio.o(i.MX_GPIO_Init)
    i.MX_I2C1_Init                           0x08001b34   Section        0  i2c.o(i.MX_I2C1_Init)
    i.MemManage_Handler                      0x08001b84   Section        0  stm32f1xx_it.o(i.MemManage_Handler)
    i.NMI_Handler                            0x08001b88   Section        0  stm32f1xx_it.o(i.NMI_Handler)
    i.NVIC_GetPriorityGrouping               0x08001b8c   Section        0  stm32f1xx_hal_cortex.o(i.NVIC_GetPriorityGrouping)
    NVIC_GetPriorityGrouping                 0x08001b8d   Thumb Code    10  stm32f1xx_hal_cortex.o(i.NVIC_GetPriorityGrouping)
    i.NVIC_SetPriority                       0x08001b9c   Section        0  stm32f1xx_hal_cortex.o(i.NVIC_SetPriority)
    NVIC_SetPriority                         0x08001b9d   Thumb Code    32  stm32f1xx_hal_cortex.o(i.NVIC_SetPriority)
    i.PendSV_Handler                         0x08001bc4   Section        0  stm32f1xx_it.o(i.PendSV_Handler)
    i.RCC_Delay                              0x08001bc8   Section        0  stm32f1xx_hal_rcc.o(i.RCC_Delay)
    RCC_Delay                                0x08001bc9   Thumb Code    36  stm32f1xx_hal_rcc.o(i.RCC_Delay)
    i.SVC_Handler                            0x08001bf0   Section        0  stm32f1xx_it.o(i.SVC_Handler)
    i.SysTick_Handler                        0x08001bf2   Section        0  stm32f1xx_it.o(i.SysTick_Handler)
    i.SystemClock_Config                     0x08001c00   Section        0  main.o(i.SystemClock_Config)
    i.SystemInit                             0x08001c8c   Section        0  system_stm32f1xx.o(i.SystemInit)
    i.UsageFault_Handler                     0x08001ce4   Section        0  stm32f1xx_it.o(i.UsageFault_Handler)
    i._Error_Handler                         0x08001ce8   Section        0  main.o(i._Error_Handler)
    i.__ARM_fpclassifyf                      0x08001cec   Section        0  fpclassifyf.o(i.__ARM_fpclassifyf)
    i.__mathlib_flt_divzero                  0x08001d12   Section        0  funder.o(i.__mathlib_flt_divzero)
    i.__mathlib_flt_infnan2                  0x08001d1c   Section        0  funder.o(i.__mathlib_flt_infnan2)
    i.__mathlib_flt_invalid                  0x08001d20   Section        0  funder.o(i.__mathlib_flt_invalid)
    i.__mathlib_flt_overflow                 0x08001d28   Section        0  funder.o(i.__mathlib_flt_overflow)
    i.__mathlib_flt_underflow                0x08001d32   Section        0  funder.o(i.__mathlib_flt_underflow)
    i.__scatterload_copy                     0x08001d3c   Section       14  handlers.o(i.__scatterload_copy)
    i.__scatterload_null                     0x08001d4a   Section        2  handlers.o(i.__scatterload_null)
    i.__scatterload_zeroinit                 0x08001d4c   Section       14  handlers.o(i.__scatterload_zeroinit)
    i.__set_errno                            0x08001d5c   Section        0  errno.o(i.__set_errno)
    i.begin                                  0x08001d68   Section        0  tsc3472.o(i.begin)
    i.calculateColorTemperature              0x08001da4   Section        0  tsc3472.o(i.calculateColorTemperature)
    i.calculateLux                           0x08001f58   Section        0  tsc3472.o(i.calculateLux)
    i.enable                                 0x08001fbc   Section        0  tsc3472.o(i.enable)
    i.getRawData                             0x08001fd0   Section        0  tsc3472.o(i.getRawData)
    i.main                                   0x08002064   Section        0  main.o(i.main)
    i.powf                                   0x0800207c   Section        0  powf.o(i.powf)
    i.read16                                 0x0800269c   Section        0  tsc3472.o(i.read16)
    i.read8                                  0x080026ec   Section        0  tsc3472.o(i.read8)
    i.setGain                                0x0800272c   Section        0  tsc3472.o(i.setGain)
    i.setIntegrationTime                     0x08002750   Section        0  tsc3472.o(i.setIntegrationTime)
    i.tcs3272_init                           0x08002774   Section        0  tsc3472.o(i.tcs3272_init)
    i.tcs3472_test                           0x08002780   Section        0  tsc3472.o(i.tcs3472_test)
    i.write8                                 0x080027c8   Section        0  tsc3472.o(i.write8)
    .constdata                               0x080027f8   Section       24  system_stm32f1xx.o(.constdata)
    .constdata                               0x08002810   Section      320  powf.o(.constdata)
    table                                    0x08002810   Data         128  powf.o(.constdata)
    powersof2to1over16top                    0x08002890   Data          64  powf.o(.constdata)
    powersof2to1over16bot                    0x080028d0   Data          64  powf.o(.constdata)
    powersof2to1over16all                    0x08002910   Data          64  powf.o(.constdata)
    .data                                    0x20000000   Section       14  tsc3472.o(.data)
    .data                                    0x20000010   Section        4  stm32f1xx_hal.o(.data)
    .data                                    0x20000014   Section        4  system_stm32f1xx.o(.data)
    .data                                    0x20000018   Section        4  errno.o(.data)
    _errno                                   0x20000018   Data           4  errno.o(.data)
    .bss                                     0x2000001c   Section       84  i2c.o(.bss)
    STACK                                    0x20000070   Section     1024  startup_stm32f103xb.o(STACK)

    Global Symbols

    Symbol Name                              Value     Ov Type        Size  Object(Section)

    BuildAttributes$$THM_ISAv4$P$D$K$B$S$PE$A:L22UL41UL21$X:L11$S22US41US21$IEEE1$IW$USESV6$~STKCKD$USESV7$~SHL$OTIME$ROPI$IEEEX$EBA8$MICROLIB$REQ8$PRES8$EABIv2 0x00000000   Number         0  anon$$obj.o ABSOLUTE
    __ARM_use_no_argv                        0x00000000   Number         0  main.o ABSOLUTE
    __cpp_initialize__aeabi_                  - Undefined Weak Reference
    __cxa_finalize                            - Undefined Weak Reference
    __decompress                              - Undefined Weak Reference
    _clock_init                               - Undefined Weak Reference
    _microlib_exit                            - Undefined Weak Reference
    __Vectors_Size                           0x000000ec   Number         0  startup_stm32f103xb.o ABSOLUTE
    __Vectors                                0x08000000   Data           4  startup_stm32f103xb.o(RESET)
    __Vectors_End                            0x080000ec   Data           0  startup_stm32f103xb.o(RESET)
    __main                                   0x080000ed   Thumb Code     0  entry.o(.ARM.Collect$$$$00000000)
    _main_stk                                0x080000ed   Thumb Code     0  entry2.o(.ARM.Collect$$$$00000001)
    _main_scatterload                        0x080000f1   Thumb Code     0  entry5.o(.ARM.Collect$$$$00000004)
    __main_after_scatterload                 0x080000f5   Thumb Code     0  entry5.o(.ARM.Collect$$$$00000004)
    _main_clock                              0x080000f5   Thumb Code     0  entry7b.o(.ARM.Collect$$$$00000008)
    _main_cpp_init                           0x080000f5   Thumb Code     0  entry8b.o(.ARM.Collect$$$$0000000A)
    _main_init                               0x080000f5   Thumb Code     0  entry9a.o(.ARM.Collect$$$$0000000B)
    __rt_final_cpp                           0x080000fd   Thumb Code     0  entry10a.o(.ARM.Collect$$$$0000000D)
    __rt_final_exit                          0x080000fd   Thumb Code     0  entry11a.o(.ARM.Collect$$$$0000000F)
    Reset_Handler                            0x08000101   Thumb Code     8  startup_stm32f103xb.o(.text)
    ADC1_2_IRQHandler                        0x0800011b   Thumb Code     0  startup_stm32f103xb.o(.text)
    CAN1_RX1_IRQHandler                      0x0800011b   Thumb Code     0  startup_stm32f103xb.o(.text)
    CAN1_SCE_IRQHandler                      0x0800011b   Thumb Code     0  startup_stm32f103xb.o(.text)
    DMA1_Channel1_IRQHandler                 0x0800011b   Thumb Code     0  startup_stm32f103xb.o(.text)
    DMA1_Channel2_IRQHandler                 0x0800011b   Thumb Code     0  startup_stm32f103xb.o(.text)
    DMA1_Channel3_IRQHandler                 0x0800011b   Thumb Code     0  startup_stm32f103xb.o(.text)
    DMA1_Channel4_IRQHandler                 0x0800011b   Thumb Code     0  startup_stm32f103xb.o(.text)
    DMA1_Channel5_IRQHandler                 0x0800011b   Thumb Code     0  startup_stm32f103xb.o(.text)
    DMA1_Channel6_IRQHandler                 0x0800011b   Thumb Code     0  startup_stm32f103xb.o(.text)
    DMA1_Channel7_IRQHandler                 0x0800011b   Thumb Code     0  startup_stm32f103xb.o(.text)
    EXTI0_IRQHandler                         0x0800011b   Thumb Code     0  startup_stm32f103xb.o(.text)
    EXTI15_10_IRQHandler                     0x0800011b   Thumb Code     0  startup_stm32f103xb.o(.text)
    EXTI1_IRQHandler                         0x0800011b   Thumb Code     0  startup_stm32f103xb.o(.text)
    EXTI2_IRQHandler                         0x0800011b   Thumb Code     0  startup_stm32f103xb.o(.text)
    EXTI3_IRQHandler                         0x0800011b   Thumb Code     0  startup_stm32f103xb.o(.text)
    EXTI4_IRQHandler                         0x0800011b   Thumb Code     0  startup_stm32f103xb.o(.text)
    EXTI9_5_IRQHandler                       0x0800011b   Thumb Code     0  startup_stm32f103xb.o(.text)
    FLASH_IRQHandler                         0x0800011b   Thumb Code     0  startup_stm32f103xb.o(.text)
    I2C1_ER_IRQHandler                       0x0800011b   Thumb Code     0  startup_stm32f103xb.o(.text)
    I2C1_EV_IRQHandler                       0x0800011b   Thumb Code     0  startup_stm32f103xb.o(.text)
    I2C2_ER_IRQHandler                       0x0800011b   Thumb Code     0  startup_stm32f103xb.o(.text)
    I2C2_EV_IRQHandler                       0x0800011b   Thumb Code     0  startup_stm32f103xb.o(.text)
    PVD_IRQHandler                           0x0800011b   Thumb Code     0  startup_stm32f103xb.o(.text)
    RCC_IRQHandler                           0x0800011b   Thumb Code     0  startup_stm32f103xb.o(.text)
    RTC_Alarm_IRQHandler                     0x0800011b   Thumb Code     0  startup_stm32f103xb.o(.text)
    RTC_IRQHandler                           0x0800011b   Thumb Code     0  startup_stm32f103xb.o(.text)
    SPI1_IRQHandler                          0x0800011b   Thumb Code     0  startup_stm32f103xb.o(.text)
    SPI2_IRQHandler                          0x0800011b   Thumb Code     0  startup_stm32f103xb.o(.text)
    TAMPER_IRQHandler                        0x0800011b   Thumb Code     0  startup_stm32f103xb.o(.text)
    TIM1_BRK_IRQHandler                      0x0800011b   Thumb Code     0  startup_stm32f103xb.o(.text)
    TIM1_CC_IRQHandler                       0x0800011b   Thumb Code     0  startup_stm32f103xb.o(.text)
    TIM1_TRG_COM_IRQHandler                  0x0800011b   Thumb Code     0  startup_stm32f103xb.o(.text)
    TIM1_UP_IRQHandler                       0x0800011b   Thumb Code     0  startup_stm32f103xb.o(.text)
    TIM2_IRQHandler                          0x0800011b   Thumb Code     0  startup_stm32f103xb.o(.text)
    TIM3_IRQHandler                          0x0800011b   Thumb Code     0  startup_stm32f103xb.o(.text)
    TIM4_IRQHandler                          0x0800011b   Thumb Code     0  startup_stm32f103xb.o(.text)
    USART1_IRQHandler                        0x0800011b   Thumb Code     0  startup_stm32f103xb.o(.text)
    USART2_IRQHandler                        0x0800011b   Thumb Code     0  startup_stm32f103xb.o(.text)
    USART3_IRQHandler                        0x0800011b   Thumb Code     0  startup_stm32f103xb.o(.text)
    USBWakeUp_IRQHandler                     0x0800011b   Thumb Code     0  startup_stm32f103xb.o(.text)
    USB_HP_CAN1_TX_IRQHandler                0x0800011b   Thumb Code     0  startup_stm32f103xb.o(.text)
    USB_LP_CAN1_RX0_IRQHandler               0x0800011b   Thumb Code     0  startup_stm32f103xb.o(.text)
    WWDG_IRQHandler                          0x0800011b   Thumb Code     0  startup_stm32f103xb.o(.text)
    __aeabi_fadd                             0x08000125   Thumb Code   164  fadd.o(.text)
    __aeabi_fsub                             0x080001c9   Thumb Code     6  fadd.o(.text)
    __aeabi_frsub                            0x080001cf   Thumb Code     6  fadd.o(.text)
    __aeabi_fmul                             0x080001d5   Thumb Code   100  fmul.o(.text)
    __aeabi_fdiv                             0x08000239   Thumb Code   124  fdiv.o(.text)
    __aeabi_ui2f                             0x080002b5   Thumb Code    10  ffltui.o(.text)
    __aeabi_f2uiz                            0x080002bf   Thumb Code    40  ffixui.o(.text)
    __I$use$fp                               0x080002e7   Thumb Code     0  iusefp.o(.text)
    _float_round                             0x080002e7   Thumb Code    18  fepilogue.o(.text)
    _float_epilogue                          0x080002f9   Thumb Code    92  fepilogue.o(.text)
    __ARM_scalbnf                            0x08000355   Thumb Code    24  fscalb.o(.text)
    scalbnf                                  0x08000355   Thumb Code     0  fscalb.o(.text)
    __aeabi_i2f                              0x0800036d   Thumb Code    18  fflti.o(.text)
    _ffix_r                                  0x0800037f   Thumb Code    76  ffixir.o(.text)
    __fp_status                              0x080003cb   Thumb Code     4  fpstat.o(.text)
    __ieee_status                            0x080003cb   Thumb Code     0  fpstat.o(.text)
    __scatterload                            0x080003d1   Thumb Code    28  init.o(.text)
    __scatterload_rt2                        0x080003d1   Thumb Code     0  init.o(.text)
    BusFault_Handler                         0x080003f5   Thumb Code     4  stm32f1xx_it.o(i.BusFault_Handler)
    DebugMon_Handler                         0x080003f9   Thumb Code     2  stm32f1xx_it.o(i.DebugMon_Handler)
    HAL_Delay                                0x080003fb   Thumb Code    30  stm32f1xx_hal.o(i.HAL_Delay)
    HAL_GPIO_Init                            0x08000419   Thumb Code   764  stm32f1xx_hal_gpio.o(i.HAL_GPIO_Init)
    HAL_GPIO_WritePin                        0x08000735   Thumb Code    12  stm32f1xx_hal_gpio.o(i.HAL_GPIO_WritePin)
    HAL_GetTick                              0x08000741   Thumb Code     6  stm32f1xx_hal.o(i.HAL_GetTick)
    HAL_I2C_Init                             0x0800074d   Thumb Code   286  stm32f1xx_hal_i2c.o(i.HAL_I2C_Init)
    HAL_I2C_Master_Receive                   0x08000875   Thumb Code   814  stm32f1xx_hal_i2c.o(i.HAL_I2C_Master_Receive)
    HAL_I2C_Master_Transmit                  0x08000bb1   Thumb Code   396  stm32f1xx_hal_i2c.o(i.HAL_I2C_Master_Transmit)
    HAL_I2C_MspInit                          0x08000d45   Thumb Code    80  i2c.o(i.HAL_I2C_MspInit)
    HAL_IncTick                              0x08000da5   Thumb Code    12  stm32f1xx_hal.o(i.HAL_IncTick)
    HAL_Init                                 0x08000db5   Thumb Code    34  stm32f1xx_hal.o(i.HAL_Init)
    HAL_InitTick                             0x08000ddd   Thumb Code    36  stm32f1xx_hal.o(i.HAL_InitTick)
    HAL_MspInit                              0x08000e05   Thumb Code   140  stm32f1xx_hal_msp.o(i.HAL_MspInit)
    HAL_NVIC_SetPriority                     0x08000e99   Thumb Code   124  stm32f1xx_hal_cortex.o(i.HAL_NVIC_SetPriority)
    HAL_NVIC_SetPriorityGrouping             0x08000f15   Thumb Code    32  stm32f1xx_hal_cortex.o(i.HAL_NVIC_SetPriorityGrouping)
    HAL_RCC_ClockConfig                      0x08000f3d   Thumb Code   402  stm32f1xx_hal_rcc.o(i.HAL_RCC_ClockConfig)
    HAL_RCC_GetHCLKFreq                      0x080010e1   Thumb Code     6  stm32f1xx_hal_rcc.o(i.HAL_RCC_GetHCLKFreq)
    HAL_RCC_GetPCLK1Freq                     0x080010ed   Thumb Code    22  stm32f1xx_hal_rcc.o(i.HAL_RCC_GetPCLK1Freq)
    HAL_RCC_GetSysClockFreq                  0x0800110d   Thumb Code   118  stm32f1xx_hal_rcc.o(i.HAL_RCC_GetSysClockFreq)
    HAL_RCC_OscConfig                        0x080011a5   Thumb Code  1078  stm32f1xx_hal_rcc.o(i.HAL_RCC_OscConfig)
    HAL_SYSTICK_CLKSourceConfig              0x080015e5   Thumb Code    40  stm32f1xx_hal_cortex.o(i.HAL_SYSTICK_CLKSourceConfig)
    HAL_SYSTICK_Callback                     0x0800160d   Thumb Code     2  stm32f1xx_hal_cortex.o(i.HAL_SYSTICK_Callback)
    HAL_SYSTICK_Config                       0x0800160f   Thumb Code    52  stm32f1xx_hal_cortex.o(i.HAL_SYSTICK_Config)
    HAL_SYSTICK_IRQHandler                   0x08001643   Thumb Code     8  stm32f1xx_hal_cortex.o(i.HAL_SYSTICK_IRQHandler)
    HardFault_Handler                        0x0800164b   Thumb Code     4  stm32f1xx_it.o(i.HardFault_Handler)
    MX_GPIO_Init                             0x08001ab9   Thumb Code   114  gpio.o(i.MX_GPIO_Init)
    MX_I2C1_Init                             0x08001b35   Thumb Code    52  i2c.o(i.MX_I2C1_Init)
    MemManage_Handler                        0x08001b85   Thumb Code     4  stm32f1xx_it.o(i.MemManage_Handler)
    NMI_Handler                              0x08001b89   Thumb Code     2  stm32f1xx_it.o(i.NMI_Handler)
    PendSV_Handler                           0x08001bc5   Thumb Code     2  stm32f1xx_it.o(i.PendSV_Handler)
    SVC_Handler                              0x08001bf1   Thumb Code     2  stm32f1xx_it.o(i.SVC_Handler)
    SysTick_Handler                          0x08001bf3   Thumb Code    12  stm32f1xx_it.o(i.SysTick_Handler)
    SystemClock_Config                       0x08001c01   Thumb Code   124  main.o(i.SystemClock_Config)
    SystemInit                               0x08001c8d   Thumb Code    70  system_stm32f1xx.o(i.SystemInit)
    UsageFault_Handler                       0x08001ce5   Thumb Code     4  stm32f1xx_it.o(i.UsageFault_Handler)
    _Error_Handler                           0x08001ce9   Thumb Code     4  main.o(i._Error_Handler)
    __ARM_fpclassifyf                        0x08001ced   Thumb Code    38  fpclassifyf.o(i.__ARM_fpclassifyf)
    __mathlib_flt_divzero                    0x08001d13   Thumb Code    10  funder.o(i.__mathlib_flt_divzero)
    __mathlib_flt_infnan2                    0x08001d1d   Thumb Code     4  funder.o(i.__mathlib_flt_infnan2)
    __mathlib_flt_invalid                    0x08001d21   Thumb Code     8  funder.o(i.__mathlib_flt_invalid)
    __mathlib_flt_overflow                   0x08001d29   Thumb Code    10  funder.o(i.__mathlib_flt_overflow)
    __mathlib_flt_underflow                  0x08001d33   Thumb Code    10  funder.o(i.__mathlib_flt_underflow)
    __scatterload_copy                       0x08001d3d   Thumb Code    14  handlers.o(i.__scatterload_copy)
    __scatterload_null                       0x08001d4b   Thumb Code     2  handlers.o(i.__scatterload_null)
    __scatterload_zeroinit                   0x08001d4d   Thumb Code    14  handlers.o(i.__scatterload_zeroinit)
    __set_errno                              0x08001d5d   Thumb Code     6  errno.o(i.__set_errno)
    begin                                    0x08001d69   Thumb Code    50  tsc3472.o(i.begin)
    calculateColorTemperature                0x08001da5   Thumb Code   372  tsc3472.o(i.calculateColorTemperature)
    calculateLux                             0x08001f59   Thumb Code    86  tsc3472.o(i.calculateLux)
    enable                                   0x08001fbd   Thumb Code    20  tsc3472.o(i.enable)
    getRawData                               0x08001fd1   Thumb Code   140  tsc3472.o(i.getRawData)
    main                                     0x08002065   Thumb Code    24  main.o(i.main)
    __mathlib_powf                           0x0800207d   Thumb Code     0  powf.o(i.powf)
    powf                                     0x0800207d   Thumb Code  1548  powf.o(i.powf)
    read16                                   0x0800269d   Thumb Code    70  tsc3472.o(i.read16)
    read8                                    0x080026ed   Thumb Code    54  tsc3472.o(i.read8)
    setGain                                  0x0800272d   Thumb Code    28  tsc3472.o(i.setGain)
    setIntegrationTime                       0x08002751   Thumb Code    28  tsc3472.o(i.setIntegrationTime)
    tcs3272_init                             0x08002775   Thumb Code    12  tsc3472.o(i.tcs3272_init)
    tcs3472_test                             0x08002781   Thumb Code    66  tsc3472.o(i.tcs3472_test)
    write8                                   0x080027c9   Thumb Code    40  tsc3472.o(i.write8)
    AHBPrescTable                            0x080027f8   Data          16  system_stm32f1xx.o(.constdata)
    APBPrescTable                            0x08002808   Data           8  system_stm32f1xx.o(.constdata)
    Region$$Table$$Base                      0x08002950   Number         0  anon$$obj.o(Region$$Table)
    Region$$Table$$Limit                     0x08002970   Number         0  anon$$obj.o(Region$$Table)
    dataT                                    0x20000000   Data           3  tsc3472.o(.data)
    dataR                                    0x20000003   Data           3  tsc3472.o(.data)
    timeOut                                  0x20000006   Data           2  tsc3472.o(.data)
    _tcs34725Initialised                     0x20000008   Data           4  tsc3472.o(.data)
    _tcs34725Gain                            0x2000000c   Data           1  tsc3472.o(.data)
    _tcs34725IntegrationTime                 0x2000000d   Data           1  tsc3472.o(.data)
    uwTick                                   0x20000010   Data           4  stm32f1xx_hal.o(.data)
    SystemCoreClock                          0x20000014   Data           4  system_stm32f1xx.o(.data)
    hi2c1                                    0x2000001c   Data          84  i2c.o(.bss)
    __initial_sp                             0x20000470   Data           0  startup_stm32f103xb.o(STACK)



==============================================================================

Memory Map of the image

  Image Entry point : 0x080000ed

  Load Region LR_IROM1 (Base: 0x08000000, Size: 0x0000298c, Max: 0x00020000, ABSOLUTE)

    Execution Region ER_IROM1 (Base: 0x08000000, Size: 0x00002970, Max: 0x00020000, ABSOLUTE)

    Base Addr    Size         Type   Attr      Idx    E Section Name        Object

    0x08000000   0x000000ec   Data   RO            3    RESET               startup_stm32f103xb.o
    0x080000ec   0x00000000   Code   RO         1874  * .ARM.Collect$$$$00000000  mc_w.l(entry.o)
    0x080000ec   0x00000004   Code   RO         1905    .ARM.Collect$$$$00000001  mc_w.l(entry2.o)
    0x080000f0   0x00000004   Code   RO         1908    .ARM.Collect$$$$00000004  mc_w.l(entry5.o)
    0x080000f4   0x00000000   Code   RO         1910    .ARM.Collect$$$$00000008  mc_w.l(entry7b.o)
    0x080000f4   0x00000000   Code   RO         1912    .ARM.Collect$$$$0000000A  mc_w.l(entry8b.o)
    0x080000f4   0x00000008   Code   RO         1913    .ARM.Collect$$$$0000000B  mc_w.l(entry9a.o)
    0x080000fc   0x00000000   Code   RO         1915    .ARM.Collect$$$$0000000D  mc_w.l(entry10a.o)
    0x080000fc   0x00000000   Code   RO         1917    .ARM.Collect$$$$0000000F  mc_w.l(entry11a.o)
    0x080000fc   0x00000004   Code   RO         1906    .ARM.Collect$$$$00002712  mc_w.l(entry2.o)
    0x08000100   0x00000024   Code   RO            4    .text               startup_stm32f103xb.o
    0x08000124   0x000000b0   Code   RO         1879    .text               mf_w.l(fadd.o)
    0x080001d4   0x00000064   Code   RO         1881    .text               mf_w.l(fmul.o)
    0x08000238   0x0000007c   Code   RO         1883    .text               mf_w.l(fdiv.o)
    0x080002b4   0x0000000a   Code   RO         1885    .text               mf_w.l(ffltui.o)
    0x080002be   0x00000028   Code   RO         1887    .text               mf_w.l(ffixui.o)
    0x080002e6   0x00000000   Code   RO         1926    .text               mc_w.l(iusefp.o)
    0x080002e6   0x0000006e   Code   RO         1927    .text               mf_w.l(fepilogue.o)
    0x08000354   0x00000018   Code   RO         1929    .text               mf_w.l(fscalb.o)
    0x0800036c   0x00000012   Code   RO         1931    .text               mf_w.l(fflti.o)
    0x0800037e   0x0000004c   Code   RO         1933    .text               mf_w.l(ffixir.o)
    0x080003ca   0x00000004   Code   RO         1935    .text               mf_w.l(fpstat.o)
    0x080003ce   0x00000002   PAD
    0x080003d0   0x00000024   Code   RO         1937    .text               mc_w.l(init.o)
    0x080003f4   0x00000004   Code   RO          116    i.BusFault_Handler  stm32f1xx_it.o
    0x080003f8   0x00000002   Code   RO          117    i.DebugMon_Handler  stm32f1xx_it.o
    0x080003fa   0x0000001e   Code   RO          898    i.HAL_Delay         stm32f1xx_hal.o
    0x08000418   0x0000031c   Code   RO         1071    i.HAL_GPIO_Init     stm32f1xx_hal_gpio.o
    0x08000734   0x0000000c   Code   RO         1075    i.HAL_GPIO_WritePin  stm32f1xx_hal_gpio.o
    0x08000740   0x0000000c   Code   RO          902    i.HAL_GetTick       stm32f1xx_hal.o
    0x0800074c   0x00000128   Code   RO         1181    i.HAL_I2C_Init      stm32f1xx_hal_i2c.o
    0x08000874   0x0000033c   Code   RO         1187    i.HAL_I2C_Master_Receive  stm32f1xx_hal_i2c.o
    0x08000bb0   0x00000194   Code   RO         1192    i.HAL_I2C_Master_Transmit  stm32f1xx_hal_i2c.o
    0x08000d44   0x00000060   Code   RO          235    i.HAL_I2C_MspInit   i2c.o
    0x08000da4   0x00000010   Code   RO          904    i.HAL_IncTick       stm32f1xx_hal.o
    0x08000db4   0x00000028   Code   RO          905    i.HAL_Init          stm32f1xx_hal.o
    0x08000ddc   0x00000028   Code   RO          906    i.HAL_InitTick      stm32f1xx_hal.o
    0x08000e04   0x00000094   Code   RO          276    i.HAL_MspInit       stm32f1xx_hal_msp.o
    0x08000e98   0x0000007c   Code   RO          777    i.HAL_NVIC_SetPriority  stm32f1xx_hal_cortex.o
    0x08000f14   0x00000028   Code   RO          778    i.HAL_NVIC_SetPriorityGrouping  stm32f1xx_hal_cortex.o
    0x08000f3c   0x000001a4   Code   RO          550    i.HAL_RCC_ClockConfig  stm32f1xx_hal_rcc.o
    0x080010e0   0x0000000c   Code   RO          555    i.HAL_RCC_GetHCLKFreq  stm32f1xx_hal_rcc.o
    0x080010ec   0x00000020   Code   RO          557    i.HAL_RCC_GetPCLK1Freq  stm32f1xx_hal_rcc.o
    0x0800110c   0x00000098   Code   RO          559    i.HAL_RCC_GetSysClockFreq  stm32f1xx_hal_rcc.o
    0x080011a4   0x00000440   Code   RO          562    i.HAL_RCC_OscConfig  stm32f1xx_hal_rcc.o
    0x080015e4   0x00000028   Code   RO          780    i.HAL_SYSTICK_CLKSourceConfig  stm32f1xx_hal_cortex.o
    0x0800160c   0x00000002   Code   RO          781    i.HAL_SYSTICK_Callback  stm32f1xx_hal_cortex.o
    0x0800160e   0x00000034   Code   RO          782    i.HAL_SYSTICK_Config  stm32f1xx_hal_cortex.o
    0x08001642   0x00000008   Code   RO          783    i.HAL_SYSTICK_IRQHandler  stm32f1xx_hal_cortex.o
    0x0800164a   0x00000004   Code   RO          118    i.HardFault_Handler  stm32f1xx_it.o
    0x0800164e   0x00000034   Code   RO         1219    i.I2C_IsAcknowledgeFailed  stm32f1xx_hal_i2c.o
    0x08001682   0x00000002   PAD
    0x08001684   0x00000130   Code   RO         1222    i.I2C_MasterRequestRead  stm32f1xx_hal_i2c.o
    0x080017b4   0x000000c0   Code   RO         1223    i.I2C_MasterRequestWrite  stm32f1xx_hal_i2c.o
    0x08001874   0x00000056   Code   RO         1238    i.I2C_WaitOnBTFFlagUntilTimeout  stm32f1xx_hal_i2c.o
    0x080018ca   0x0000007c   Code   RO         1239    i.I2C_WaitOnFlagUntilTimeout  stm32f1xx_hal_i2c.o
    0x08001946   0x000000ac   Code   RO         1240    i.I2C_WaitOnMasterAddressFlagUntilTimeout  stm32f1xx_hal_i2c.o
    0x080019f2   0x0000006e   Code   RO         1241    i.I2C_WaitOnRXNEFlagUntilTimeout  stm32f1xx_hal_i2c.o
    0x08001a60   0x00000056   Code   RO         1243    i.I2C_WaitOnTXEFlagUntilTimeout  stm32f1xx_hal_i2c.o
    0x08001ab6   0x00000002   PAD
    0x08001ab8   0x0000007c   Code   RO           13    i.MX_GPIO_Init      gpio.o
    0x08001b34   0x00000050   Code   RO          236    i.MX_I2C1_Init      i2c.o
    0x08001b84   0x00000004   Code   RO          119    i.MemManage_Handler  stm32f1xx_it.o
    0x08001b88   0x00000002   Code   RO          120    i.NMI_Handler       stm32f1xx_it.o
    0x08001b8a   0x00000002   PAD
    0x08001b8c   0x00000010   Code   RO          784    i.NVIC_GetPriorityGrouping  stm32f1xx_hal_cortex.o
    0x08001b9c   0x00000028   Code   RO          785    i.NVIC_SetPriority  stm32f1xx_hal_cortex.o
    0x08001bc4   0x00000002   Code   RO          121    i.PendSV_Handler    stm32f1xx_it.o
    0x08001bc6   0x00000002   PAD
    0x08001bc8   0x00000028   Code   RO          563    i.RCC_Delay         stm32f1xx_hal_rcc.o
    0x08001bf0   0x00000002   Code   RO          122    i.SVC_Handler       stm32f1xx_it.o
    0x08001bf2   0x0000000c   Code   RO          123    i.SysTick_Handler   stm32f1xx_it.o
    0x08001bfe   0x00000002   PAD
    0x08001c00   0x0000008c   Code   RO          191    i.SystemClock_Config  main.o
    0x08001c8c   0x00000058   Code   RO         1831    i.SystemInit        system_stm32f1xx.o
    0x08001ce4   0x00000004   Code   RO          124    i.UsageFault_Handler  stm32f1xx_it.o
    0x08001ce8   0x00000004   Code   RO          192    i._Error_Handler    main.o
    0x08001cec   0x00000026   Code   RO         1889    i.__ARM_fpclassifyf  m_ws.l(fpclassifyf.o)
    0x08001d12   0x0000000a   Code   RO         1891    i.__mathlib_flt_divzero  m_ws.l(funder.o)
    0x08001d1c   0x00000004   Code   RO         1893    i.__mathlib_flt_infnan2  m_ws.l(funder.o)
    0x08001d20   0x00000008   Code   RO         1894    i.__mathlib_flt_invalid  m_ws.l(funder.o)
    0x08001d28   0x0000000a   Code   RO         1895    i.__mathlib_flt_overflow  m_ws.l(funder.o)
    0x08001d32   0x0000000a   Code   RO         1897    i.__mathlib_flt_underflow  m_ws.l(funder.o)
    0x08001d3c   0x0000000e   Code   RO         1941    i.__scatterload_copy  mc_w.l(handlers.o)
    0x08001d4a   0x00000002   Code   RO         1942    i.__scatterload_null  mc_w.l(handlers.o)
    0x08001d4c   0x0000000e   Code   RO         1943    i.__scatterload_zeroinit  mc_w.l(handlers.o)
    0x08001d5a   0x00000002   PAD
    0x08001d5c   0x0000000c   Code   RO         1921    i.__set_errno       mc_w.l(errno.o)
    0x08001d68   0x0000003c   Code   RO          300    i.begin             tsc3472.o
    0x08001da4   0x000001b4   Code   RO          301    i.calculateColorTemperature  tsc3472.o
    0x08001f58   0x00000064   Code   RO          302    i.calculateLux      tsc3472.o
    0x08001fbc   0x00000014   Code   RO          305    i.enable            tsc3472.o
    0x08001fd0   0x00000094   Code   RO          306    i.getRawData        tsc3472.o
    0x08002064   0x00000018   Code   RO          193    i.main              main.o
    0x0800207c   0x00000620   Code   RO         1865    i.powf              m_ws.l(powf.o)
    0x0800269c   0x00000050   Code   RO          307    i.read16            tsc3472.o
    0x080026ec   0x00000040   Code   RO          308    i.read8             tsc3472.o
    0x0800272c   0x00000024   Code   RO          309    i.setGain           tsc3472.o
    0x08002750   0x00000024   Code   RO          311    i.setIntegrationTime  tsc3472.o
    0x08002774   0x0000000c   Code   RO          313    i.tcs3272_init      tsc3472.o
    0x08002780   0x00000048   Code   RO          314    i.tcs3472_test      tsc3472.o
    0x080027c8   0x00000030   Code   RO          315    i.write8            tsc3472.o
    0x080027f8   0x00000018   Data   RO         1832    .constdata          system_stm32f1xx.o
    0x08002810   0x00000140   Data   RO         1866    .constdata          m_ws.l(powf.o)
    0x08002950   0x00000020   Data   RO         1939    Region$$Table       anon$$obj.o


    Execution Region RW_IRAM1 (Base: 0x20000000, Size: 0x00000470, Max: 0x00005000, ABSOLUTE)

    Base Addr    Size         Type   Attr      Idx    E Section Name        Object

    0x20000000   0x0000000e   Data   RW          316    .data               tsc3472.o
    0x2000000e   0x00000002   PAD
    0x20000010   0x00000004   Data   RW          911    .data               stm32f1xx_hal.o
    0x20000014   0x00000004   Data   RW         1833    .data               system_stm32f1xx.o
    0x20000018   0x00000004   Data   RW         1922    .data               mc_w.l(errno.o)
    0x2000001c   0x00000054   Zero   RW          237    .bss                i2c.o
    0x20000070   0x00000400   Zero   RW            1    STACK               startup_stm32f103xb.o


==============================================================================

Image component sizes


      Code (inc. data)   RO Data    RW Data    ZI Data      Debug   Object Name

       124         10          0          0          0     403335   gpio.o
       176         44          0          0         84       1517   i2c.o
       168         16          0          0          0       1485   main.o
        36          8        236          0       1024        796   startup_stm32f103xb.o
       138         20          0          4          0       4023   stm32f1xx_hal.o
       322         22          0          0          0      27824   stm32f1xx_hal_cortex.o
       808         32          0          0          0       2872   stm32f1xx_hal_gpio.o
      2654         44          0          0          0      11562   stm32f1xx_hal_i2c.o
       148          8          0          0          0        890   stm32f1xx_hal_msp.o
      1744        100          0          0          0       5801   stm32f1xx_hal_rcc.o
        36          0          0          0          0       3774   stm32f1xx_it.o
        88         18         24          4          0       1195   system_stm32f1xx.o
      1112        146          0         14          0       9538   tsc3472.o

    ----------------------------------------------------------------------
      7564        468        292         24       1108     474612   Object Totals
         0          0         32          0          0          0   (incl. Generated)
        10          0          0          2          0          0   (incl. Padding)

    ----------------------------------------------------------------------

      Code (inc. data)   RO Data    RW Data    ZI Data      Debug   Library Member Name

        38          0          0          0          0         68   fpclassifyf.o
        42          0          0          0          0        340   funder.o
      1568         80        320          0          0        224   powf.o
         0          0          0          0          0          0   entry.o
         0          0          0          0          0          0   entry10a.o
         0          0          0          0          0          0   entry11a.o
         8          4          0          0          0          0   entry2.o
         4          0          0          0          0          0   entry5.o
         0          0          0          0          0          0   entry7b.o
         0          0          0          0          0          0   entry8b.o
         8          4          0          0          0          0   entry9a.o
        12          6          0          4          0         68   errno.o
        30          0          0          0          0          0   handlers.o
        36          8          0          0          0         68   init.o
         0          0          0          0          0          0   iusefp.o
       176          0          0          0          0        140   fadd.o
       124          0          0          0          0         88   fdiv.o
       110          0          0          0          0        168   fepilogue.o
        76          0          0          0          0         76   ffixir.o
        40          0          0          0          0         68   ffixui.o
        18          0          0          0          0         68   fflti.o
        10          0          0          0          0         68   ffltui.o
       100          0          0          0          0         76   fmul.o
         4          0          0          0          0         68   fpstat.o
        24          0          0          0          0         68   fscalb.o

    ----------------------------------------------------------------------
      2432        102        320          4          0       1656   Library Totals
         4          0          0          0          0          0   (incl. Padding)

    ----------------------------------------------------------------------

      Code (inc. data)   RO Data    RW Data    ZI Data      Debug   Library Name

      1648         80        320          0          0        632   m_ws.l
        98         22          0          4          0        136   mc_w.l
       682          0          0          0          0        888   mf_w.l

    ----------------------------------------------------------------------
      2432        102        320          4          0       1656   Library Totals

    ----------------------------------------------------------------------

==============================================================================


      Code (inc. data)   RO Data    RW Data    ZI Data      Debug   

      9996        570        612         28       1108     472676   Grand Totals
      9996        570        612         28       1108     472676   ELF Image Totals
      9996        570        612         28          0          0   ROM Totals

==============================================================================

    Total RO  Size (Code + RO Data)                10608 (  10.36kB)
    Total RW  Size (RW Data + ZI Data)              1136 (   1.11kB)
    Total ROM Size (Code + RO Data + RW Data)      10636 (  10.39kB)

==============================================================================

